Archive member included to satisfy reference by file (symbol)

/Users/jason/CMDTools/gcc-arm-none-eabi/bin/../lib/gcc/arm-none-eabi/7.2.1/../../../../arm-none-eabi/lib/thumb/v7-m/libc_nano.a(lib_a-exit.o)
                              /Users/jason/CMDTools/gcc-arm-none-eabi/bin/../lib/gcc/arm-none-eabi/7.2.1/../../../../arm-none-eabi/lib/thumb/v7-m/crt0.o (exit)
/Users/jason/CMDTools/gcc-arm-none-eabi/bin/../lib/gcc/arm-none-eabi/7.2.1/../../../../arm-none-eabi/lib/thumb/v7-m/libc_nano.a(lib_a-impure.o)
                              /Users/jason/CMDTools/gcc-arm-none-eabi/bin/../lib/gcc/arm-none-eabi/7.2.1/../../../../arm-none-eabi/lib/thumb/v7-m/libc_nano.a(lib_a-exit.o) (_global_impure_ptr)
/Users/jason/CMDTools/gcc-arm-none-eabi/bin/../lib/gcc/arm-none-eabi/7.2.1/../../../../arm-none-eabi/lib/thumb/v7-m/libc_nano.a(lib_a-init.o)
                              /Users/jason/CMDTools/gcc-arm-none-eabi/bin/../lib/gcc/arm-none-eabi/7.2.1/../../../../arm-none-eabi/lib/thumb/v7-m/crt0.o (__libc_init_array)
/Users/jason/CMDTools/gcc-arm-none-eabi/bin/../lib/gcc/arm-none-eabi/7.2.1/../../../../arm-none-eabi/lib/thumb/v7-m/libc_nano.a(lib_a-memmove.o)
                              build/ssd1306_tests.o (memmove)
/Users/jason/CMDTools/gcc-arm-none-eabi/bin/../lib/gcc/arm-none-eabi/7.2.1/../../../../arm-none-eabi/lib/thumb/v7-m/libc_nano.a(lib_a-memset.o)
                              /Users/jason/CMDTools/gcc-arm-none-eabi/bin/../lib/gcc/arm-none-eabi/7.2.1/../../../../arm-none-eabi/lib/thumb/v7-m/crt0.o (memset)
/Users/jason/CMDTools/gcc-arm-none-eabi/bin/../lib/gcc/arm-none-eabi/7.2.1/../../../../arm-none-eabi/lib/thumb/v7-m/libc_nano.a(lib_a-snprintf.o)
                              build/ssd1306_tests.o (snprintf)
/Users/jason/CMDTools/gcc-arm-none-eabi/bin/../lib/gcc/arm-none-eabi/7.2.1/../../../../arm-none-eabi/lib/thumb/v7-m/libc_nano.a(lib_a-nano-svfprintf.o)
                              /Users/jason/CMDTools/gcc-arm-none-eabi/bin/../lib/gcc/arm-none-eabi/7.2.1/../../../../arm-none-eabi/lib/thumb/v7-m/libc_nano.a(lib_a-snprintf.o) (_svfprintf_r)
/Users/jason/CMDTools/gcc-arm-none-eabi/bin/../lib/gcc/arm-none-eabi/7.2.1/../../../../arm-none-eabi/lib/thumb/v7-m/libc_nano.a(lib_a-nano-vfprintf_i.o)
                              /Users/jason/CMDTools/gcc-arm-none-eabi/bin/../lib/gcc/arm-none-eabi/7.2.1/../../../../arm-none-eabi/lib/thumb/v7-m/libc_nano.a(lib_a-nano-svfprintf.o) (_printf_i)
/Users/jason/CMDTools/gcc-arm-none-eabi/bin/../lib/gcc/arm-none-eabi/7.2.1/../../../../arm-none-eabi/lib/thumb/v7-m/libc_nano.a(lib_a-memchr-stub.o)
                              /Users/jason/CMDTools/gcc-arm-none-eabi/bin/../lib/gcc/arm-none-eabi/7.2.1/../../../../arm-none-eabi/lib/thumb/v7-m/libc_nano.a(lib_a-nano-svfprintf.o) (memchr)
/Users/jason/CMDTools/gcc-arm-none-eabi/bin/../lib/gcc/arm-none-eabi/7.2.1/../../../../arm-none-eabi/lib/thumb/v7-m/libc_nano.a(lib_a-memcpy-stub.o)
                              /Users/jason/CMDTools/gcc-arm-none-eabi/bin/../lib/gcc/arm-none-eabi/7.2.1/../../../../arm-none-eabi/lib/thumb/v7-m/libc_nano.a(lib_a-nano-svfprintf.o) (memcpy)
/Users/jason/CMDTools/gcc-arm-none-eabi/bin/../lib/gcc/arm-none-eabi/7.2.1/../../../../arm-none-eabi/lib/thumb/v7-m/libc_nano.a(lib_a-nano-freer.o)
                              /Users/jason/CMDTools/gcc-arm-none-eabi/bin/../lib/gcc/arm-none-eabi/7.2.1/../../../../arm-none-eabi/lib/thumb/v7-m/libc_nano.a(lib_a-nano-svfprintf.o) (_free_r)
/Users/jason/CMDTools/gcc-arm-none-eabi/bin/../lib/gcc/arm-none-eabi/7.2.1/../../../../arm-none-eabi/lib/thumb/v7-m/libc_nano.a(lib_a-nano-mallocr.o)
                              /Users/jason/CMDTools/gcc-arm-none-eabi/bin/../lib/gcc/arm-none-eabi/7.2.1/../../../../arm-none-eabi/lib/thumb/v7-m/libc_nano.a(lib_a-nano-svfprintf.o) (_malloc_r)
/Users/jason/CMDTools/gcc-arm-none-eabi/bin/../lib/gcc/arm-none-eabi/7.2.1/../../../../arm-none-eabi/lib/thumb/v7-m/libc_nano.a(lib_a-nano-reallocr.o)
                              /Users/jason/CMDTools/gcc-arm-none-eabi/bin/../lib/gcc/arm-none-eabi/7.2.1/../../../../arm-none-eabi/lib/thumb/v7-m/libc_nano.a(lib_a-nano-svfprintf.o) (_realloc_r)
/Users/jason/CMDTools/gcc-arm-none-eabi/bin/../lib/gcc/arm-none-eabi/7.2.1/../../../../arm-none-eabi/lib/thumb/v7-m/libc_nano.a(lib_a-sbrkr.o)
                              /Users/jason/CMDTools/gcc-arm-none-eabi/bin/../lib/gcc/arm-none-eabi/7.2.1/../../../../arm-none-eabi/lib/thumb/v7-m/libc_nano.a(lib_a-nano-mallocr.o) (_sbrk_r)
/Users/jason/CMDTools/gcc-arm-none-eabi/bin/../lib/gcc/arm-none-eabi/7.2.1/../../../../arm-none-eabi/lib/thumb/v7-m/libc_nano.a(lib_a-mlock.o)
                              /Users/jason/CMDTools/gcc-arm-none-eabi/bin/../lib/gcc/arm-none-eabi/7.2.1/../../../../arm-none-eabi/lib/thumb/v7-m/libc_nano.a(lib_a-nano-freer.o) (__malloc_lock)
/Users/jason/CMDTools/gcc-arm-none-eabi/bin/../lib/gcc/arm-none-eabi/7.2.1/../../../../arm-none-eabi/lib/thumb/v7-m/libc_nano.a(lib_a-nano-msizer.o)
[...]
Memory Configuration

Name             Origin             Length             Attributes
RAM              0x0000000020000000 0x0000000000005000 xrw
FLASH            0x0000000008000000 0x0000000000010000 xr
*default*        0x0000000000000000 0xffffffffffffffff

Linker script and memory map

LOAD /Users/jason/CMDTools/gcc-arm-none-eabi/bin/../lib/gcc/arm-none-eabi/7.2.1/thumb/v7-m/crti.o
LOAD /Users/jason/CMDTools/gcc-arm-none-eabi/bin/../lib/gcc/arm-none-eabi/7.2.1/thumb/v7-m/crtbegin.o
LOAD /Users/jason/CMDTools/gcc-arm-none-eabi/bin/../lib/gcc/arm-none-eabi/7.2.1/../../../../arm-none-eabi/lib/thumb/v7-m/crt0.o
LOAD build/main.o
LOAD build/gpio.o
LOAD build/i2c.o
LOAD build/spi.o
LOAD build/usart.o
LOAD build/stm32f1xx_it.o
LOAD build/stm32f1xx_hal_msp.o
LOAD build/stm32f1xx_hal_gpio_ex.o
LOAD build/stm32f1xx_hal_i2c.o
LOAD build/stm32f1xx_hal_spi.o
LOAD build/stm32f1xx_hal_spi_ex.o
LOAD build/stm32f1xx_hal_tim.o
LOAD build/stm32f1xx_hal_tim_ex.o
LOAD build/stm32f1xx_hal_uart.o
LOAD build/stm32f1xx_hal.o
LOAD build/stm32f1xx_hal_rcc.o
LOAD build/stm32f1xx_hal_rcc_ex.o
LOAD build/stm32f1xx_hal_gpio.o
LOAD build/stm32f1xx_hal_dma.o
LOAD build/stm32f1xx_hal_cortex.o
LOAD build/stm32f1xx_hal_pwr.o
LOAD build/stm32f1xx_hal_flash.o
LOAD build/stm32f1xx_hal_flash_ex.o
LOAD build/system_stm32f1xx.o
LOAD build/ssd1306.o
LOAD build/ssd1306_tests.o
LOAD build/ssd1306_fonts.o
LOAD build/tim.o
LOAD build/usb_device.o
LOAD build/usbd_conf.o
LOAD build/usbd_desc.o
LOAD build/stm32f1xx_hal_pcd.o
LOAD build/stm32f1xx_hal_pcd_ex.o
LOAD build/stm32f1xx_ll_usb.o
LOAD build/usbd_core.o
LOAD build/usbd_ctlreq.o
LOAD build/usbd_ioreq.o
LOAD build/usbd_hid.o
LOAD build/dma.o
LOAD build/startup_stm32f103xb.o
LOAD /Users/jason/CMDTools/gcc-arm-none-eabi/bin/../lib/gcc/arm-none-eabi/7.2.1/../../../../arm-none-eabi/lib/thumb/v7-m/libc_nano.a
LOAD /Users/jason/CMDTools/gcc-arm-none-eabi/bin/../lib/gcc/arm-none-eabi/7.2.1/../../../../arm-none-eabi/lib/thumb/v7-m/libm.a
LOAD /Users/jason/CMDTools/gcc-arm-none-eabi/bin/../lib/gcc/arm-none-eabi/7.2.1/../../../../arm-none-eabi/lib/thumb/v7-m/libnosys.a
LOAD /Users/jason/CMDTools/gcc-arm-none-eabi/bin/../lib/gcc/arm-none-eabi/7.2.1/thumb/v7-m/libgcc.a
LOAD /Users/jason/CMDTools/gcc-arm-none-eabi/bin/../lib/gcc/arm-none-eabi/7.2.1/../../../../arm-none-eabi/lib/thumb/v7-m/librdimon_nano.a
START GROUP
LOAD /Users/jason/CMDTools/gcc-arm-none-eabi/bin/../lib/gcc/arm-none-eabi/7.2.1/thumb/v7-m/libgcc.a
LOAD /Users/jason/CMDTools/gcc-arm-none-eabi/bin/../lib/gcc/arm-none-eabi/7.2.1/../../../../arm-none-eabi/lib/thumb/v7-m/libc_nano.a
END GROUP
START GROUP
LOAD /Users/jason/CMDTools/gcc-arm-none-eabi/bin/../lib/gcc/arm-none-eabi/7.2.1/thumb/v7-m/libgcc.a
LOAD /Users/jason/CMDTools/gcc-arm-none-eabi/bin/../lib/gcc/arm-none-eabi/7.2.1/../../../../arm-none-eabi/lib/thumb/v7-m/libc_nano.a
END GROUP
LOAD /Users/jason/CMDTools/gcc-arm-none-eabi/bin/../lib/gcc/arm-none-eabi/7.2.1/thumb/v7-m/crtend.o
LOAD /Users/jason/CMDTools/gcc-arm-none-eabi/bin/../lib/gcc/arm-none-eabi/7.2.1/thumb/v7-m/crtn.o
                0x0000000020005000                _estack = 0x20005000
                0x0000000000001000                _Min_Heap_Size = 0x1000
                0x0000000000001000                _Min_Stack_Size = 0x1000

.isr_vector     0x0000000008000000      0x10c
                0x0000000008000000                . = ALIGN (0x4)
 *(.isr_vector)
 .isr_vector    0x0000000008000000      0x10c build/startup_stm32f103xb.o
                0x0000000008000000                g_pfnVectors
                0x000000000800010c                . = ALIGN (0x4)

.text           0x000000000800010c     0x5964
                0x000000000800010c                . = ALIGN (0x4)
 *(.text)
 .text          0x000000000800010c       0x40 /Users/jason/CMDTools/gcc-arm-none-eabi/bin/../lib/gcc/arm-none-eabi/7.2.1/thumb/v7-m/crtbegin.o
 *(.text*)
 .text.SystemClock_Config
                0x000000000800014c       0x66 build/main.o
                0x000000000800014c                SystemClock_Config
 *fill*         0x00000000080001b2        0x2 
 .text.main     0x00000000080001b4       0x9c build/main.o
                0x00000000080001b4                main
 .text.Error_Handler
                0x0000000008000250        0x2 build/main.o
                0x0000000008000250                Error_Handler
 *fill*         0x0000000008000252        0x2 
 .text.MX_GPIO_Init
                0x0000000008000254       0x8c build/gpio.o
                0x0000000008000254                MX_GPIO_Init
 .text.MX_I2C1_Init
                0x00000000080002e0       0x3c build/i2c.o
                0x00000000080002e0                MX_I2C1_Init
 .text.HAL_I2C_MspInit
                0x000000000800031c       0xec build/i2c.o
                0x000000000800031c                HAL_I2C_MspInit
 .text.MX_SPI1_Init
                0x0000000008000408       0x44 build/spi.o
                0x0000000008000408                MX_SPI1_Init
 .text.HAL_SPI_MspInit
                0x000000000800044c       0x84 build/spi.o
                0x000000000800044c                HAL_SPI_MspInit
 .text.MX_USART1_UART_Init
                0x00000000080004d0       0x34 build/usart.o
                0x00000000080004d0                MX_USART1_UART_Init
 .text.HAL_UART_MspInit
                0x0000000008000504       0xf0 build/usart.o
                0x0000000008000504                HAL_UART_MspInit
 .text.NMI_Handler
                0x00000000080005f4        0x2 build/stm32f1xx_it.o
                0x00000000080005f4                NMI_Handler
 .text.HardFault_Handler
                0x00000000080005f6        0x2 build/stm32f1xx_it.o
                0x00000000080005f6                HardFault_Handler
 .text.MemManage_Handler
                0x00000000080005f8        0x2 build/stm32f1xx_it.o
                0x00000000080005f8                MemManage_Handler
 .text.BusFault_Handler
                0x00000000080005fa        0x2 build/stm32f1xx_it.o
                0x00000000080005fa                BusFault_Handler
 .text.UsageFault_Handler
                0x00000000080005fc        0x2 build/stm32f1xx_it.o
                0x00000000080005fc                UsageFault_Handler
 .text.SVC_Handler
                0x00000000080005fe        0x2 build/stm32f1xx_it.o
                0x00000000080005fe                SVC_Handler
 .text.DebugMon_Handler
                0x0000000008000600        0x2 build/stm32f1xx_it.o
                0x0000000008000600                DebugMon_Handler
 .text.PendSV_Handler
                0x0000000008000602        0x2 build/stm32f1xx_it.o
                0x0000000008000602                PendSV_Handler
 .text.SysTick_Handler
                0x0000000008000604        0x8 build/stm32f1xx_it.o
                0x0000000008000604                SysTick_Handler
 .text.FLASH_IRQHandler
                0x000000000800060c        0x8 build/stm32f1xx_it.o
                0x000000000800060c                FLASH_IRQHandler
 .text.DMA1_Channel1_IRQHandler
                0x0000000008000614       0x10 build/stm32f1xx_it.o
                0x0000000008000614                DMA1_Channel1_IRQHandler
 .text.DMA1_Channel2_IRQHandler
                0x0000000008000624       0x10 build/stm32f1xx_it.o
                0x0000000008000624                DMA1_Channel2_IRQHandler
 .text.DMA1_Channel4_IRQHandler
                0x0000000008000634       0x10 build/stm32f1xx_it.o
                0x0000000008000634                DMA1_Channel4_IRQHandler
 .text.DMA1_Channel5_IRQHandler
                0x0000000008000644       0x10 build/stm32f1xx_it.o
                0x0000000008000644                DMA1_Channel5_IRQHandler
 .text.DMA1_Channel6_IRQHandler
                0x0000000008000654       0x10 build/stm32f1xx_it.o
                0x0000000008000654                DMA1_Channel6_IRQHandler
 .text.DMA1_Channel7_IRQHandler
                0x0000000008000664       0x10 build/stm32f1xx_it.o
                0x0000000008000664                DMA1_Channel7_IRQHandler
 .text.USB_LP_CAN1_RX0_IRQHandler
                0x0000000008000674       0x10 build/stm32f1xx_it.o
                0x0000000008000674                USB_LP_CAN1_RX0_IRQHandler
 .text.TIM1_BRK_IRQHandler
                0x0000000008000684       0x10 build/stm32f1xx_it.o
                0x0000000008000684                TIM1_BRK_IRQHandler
 .text.TIM1_UP_IRQHandler
                0x0000000008000694       0x10 build/stm32f1xx_it.o
                0x0000000008000694                TIM1_UP_IRQHandler
 .text.TIM1_TRG_COM_IRQHandler
                0x00000000080006a4       0x10 build/stm32f1xx_it.o
                0x00000000080006a4                TIM1_TRG_COM_IRQHandler
 .text.TIM1_CC_IRQHandler
                0x00000000080006b4       0x10 build/stm32f1xx_it.o
                0x00000000080006b4                TIM1_CC_IRQHandler
 .text.I2C1_EV_IRQHandler
                0x00000000080006c4       0x10 build/stm32f1xx_it.o
                0x00000000080006c4                I2C1_EV_IRQHandler
 .text.I2C1_ER_IRQHandler
                0x00000000080006d4       0x10 build/stm32f1xx_it.o
                0x00000000080006d4                I2C1_ER_IRQHandler
 .text.SPI1_IRQHandler
                0x00000000080006e4       0x10 build/stm32f1xx_it.o
                0x00000000080006e4                SPI1_IRQHandler
 .text.USART1_IRQHandler
                0x00000000080006f4       0x10 build/stm32f1xx_it.o
                0x00000000080006f4                USART1_IRQHandler
 .text.HAL_MspInit
                0x0000000008000704       0x58 build/stm32f1xx_hal_msp.o
                0x0000000008000704                HAL_MspInit
 .text.I2C_Master_SB
                0x000000000800075c       0x8a build/stm32f1xx_hal_i2c.o
 .text.I2C_Master_ADD10
                0x00000000080007e6        0xc build/stm32f1xx_hal_i2c.o
 .text.I2C_Master_ADDR
                0x00000000080007f2      0x1da build/stm32f1xx_hal_i2c.o
 .text.I2C_SlaveTransmit_BTF
                0x00000000080009cc       0x1e build/stm32f1xx_hal_i2c.o
 .text.I2C_SlaveReceive_BTF
                0x00000000080009ea       0x1e build/stm32f1xx_hal_i2c.o
 .text.I2C_IsAcknowledgeFailed
                0x0000000008000a08       0x2a build/stm32f1xx_hal_i2c.o
 .text.I2C_WaitOnFlagUntilTimeout
                0x0000000008000a32       0x68 build/stm32f1xx_hal_i2c.o
 .text.I2C_WaitOnMasterAddressFlagUntilTimeout
                0x0000000008000a9a       0x90 build/stm32f1xx_hal_i2c.o
 .text.I2C_WaitOnTXEFlagUntilTimeout
                0x0000000008000b2a       0x4e build/stm32f1xx_hal_i2c.o
 .text.I2C_RequestMemoryWrite
                0x0000000008000b78       0xd8 build/stm32f1xx_hal_i2c.o
 .text.I2C_WaitOnBTFFlagUntilTimeout
                0x0000000008000c50       0x4e build/stm32f1xx_hal_i2c.o
 *fill*         0x0000000008000c9e        0x2 
 .text.HAL_I2C_Init
                0x0000000008000ca0      0x168 build/stm32f1xx_hal_i2c.o
                0x0000000008000ca0                HAL_I2C_Init
 .text.HAL_I2C_Mem_Write
                0x0000000008000e08      0x17c build/stm32f1xx_hal_i2c.o
                0x0000000008000e08                HAL_I2C_Mem_Write
 .text.HAL_I2C_MasterTxCpltCallback
                0x0000000008000f84        0x2 build/stm32f1xx_hal_i2c.o
                0x0000000008000f84                HAL_I2C_MasterTxCpltCallback
 .text.HAL_I2C_MasterRxCpltCallback
                0x0000000008000f86        0x2 build/stm32f1xx_hal_i2c.o
                0x0000000008000f86                HAL_I2C_MasterRxCpltCallback
 .text.HAL_I2C_SlaveTxCpltCallback
                0x0000000008000f88        0x2 build/stm32f1xx_hal_i2c.o
                0x0000000008000f88                HAL_I2C_SlaveTxCpltCallback
 .text.I2C_SlaveTransmit_TXE
                0x0000000008000f8a       0x4a build/stm32f1xx_hal_i2c.o
 .text.HAL_I2C_SlaveRxCpltCallback
                0x0000000008000fd4        0x2 build/stm32f1xx_hal_i2c.o
                0x0000000008000fd4                HAL_I2C_SlaveRxCpltCallback
 .text.I2C_SlaveReceive_RXNE
                0x0000000008000fd6       0x4e build/stm32f1xx_hal_i2c.o
 .text.HAL_I2C_AddrCallback
                0x0000000008001024        0x2 build/stm32f1xx_hal_i2c.o
                0x0000000008001024                HAL_I2C_AddrCallback
 .text.I2C_Slave_ADDR
                0x0000000008001026       0x28 build/stm32f1xx_hal_i2c.o
 .text.HAL_I2C_ListenCpltCallback
                0x000000000800104e        0x2 build/stm32f1xx_hal_i2c.o
                0x000000000800104e                HAL_I2C_ListenCpltCallback
 .text.I2C_Slave_AF
                0x0000000008001050       0x94 build/stm32f1xx_hal_i2c.o
 .text.HAL_I2C_MemTxCpltCallback
                0x00000000080010e4        0x2 build/stm32f1xx_hal_i2c.o
                0x00000000080010e4                HAL_I2C_MemTxCpltCallback
 .text.I2C_MasterTransmit_TXE
                0x00000000080010e6      0x146 build/stm32f1xx_hal_i2c.o
 .text.I2C_MasterTransmit_BTF
                0x000000000800122c       0x9c build/stm32f1xx_hal_i2c.o
 .text.HAL_I2C_MemRxCpltCallback
                0x00000000080012c8        0x2 build/stm32f1xx_hal_i2c.o
                0x00000000080012c8                HAL_I2C_MemRxCpltCallback
 .text.I2C_MasterReceive_RXNE
                0x00000000080012ca       0xcc build/stm32f1xx_hal_i2c.o
 .text.I2C_MasterReceive_BTF
                0x0000000008001396       0xf6 build/stm32f1xx_hal_i2c.o
 .text.HAL_I2C_ErrorCallback
                0x000000000800148c        0x2 build/stm32f1xx_hal_i2c.o
                0x000000000800148c                HAL_I2C_ErrorCallback
 .text.HAL_I2C_AbortCpltCallback
                0x000000000800148e        0x2 build/stm32f1xx_hal_i2c.o
                0x000000000800148e                HAL_I2C_AbortCpltCallback
 .text.I2C_ITError
                0x0000000008001490      0x148 build/stm32f1xx_hal_i2c.o
 .text.I2C_Slave_STOPF
                0x00000000080015d8      0x100 build/stm32f1xx_hal_i2c.o
 .text.HAL_I2C_EV_IRQHandler
                0x00000000080016d8      0x168 build/stm32f1xx_hal_i2c.o
                0x00000000080016d8                HAL_I2C_EV_IRQHandler
 .text.HAL_I2C_ER_IRQHandler
                0x0000000008001840       0xdc build/stm32f1xx_hal_i2c.o
                0x0000000008001840                HAL_I2C_ER_IRQHandler
 .text.I2C_DMAAbort
                0x000000000800191c       0x5e build/stm32f1xx_hal_i2c.o
 .text.HAL_SPI_ErrorCallback
                0x000000000800197a        0x2 build/stm32f1xx_hal_spi.o
                0x000000000800197a                HAL_SPI_ErrorCallback
 .text.HAL_SPI_IRQHandler
                0x000000000800197c       0xec build/stm32f1xx_hal_spi.o
                0x000000000800197c                HAL_SPI_IRQHandler
 .text.SPI_DMAAbortOnError
                0x0000000008001a68       0x10 build/stm32f1xx_hal_spi.o
 .text.HAL_SPI_Init
                0x0000000008001a78       0x82 build/stm32f1xx_hal_spi_ex.o
                0x0000000008001a78                HAL_SPI_Init
 *fill*         0x0000000008001afa        0x2 
 .text.TIM_OC1_SetConfig
                0x0000000008001afc       0x5c build/stm32f1xx_hal_tim.o
 .text.TIM_OC3_SetConfig
                0x0000000008001b58       0x64 build/stm32f1xx_hal_tim.o
 .text.TIM_OC4_SetConfig
                0x0000000008001bbc       0x48 build/stm32f1xx_hal_tim.o
 .text.TIM_TI1_ConfigInputStage
                0x0000000008001c04       0x24 build/stm32f1xx_hal_tim.o
 .text.TIM_TI2_ConfigInputStage
                0x0000000008001c28       0x26 build/stm32f1xx_hal_tim.o
 .text.TIM_ITRx_SetConfig
                0x0000000008001c4e       0x10 build/stm32f1xx_hal_tim.o
 .text.TIM_ETR_SetConfig
                0x0000000008001c5e       0x16 build/stm32f1xx_hal_tim.o
 .text.HAL_TIM_PWM_MspInit
                0x0000000008001c74        0x2 build/stm32f1xx_hal_tim.o
                0x0000000008001c74                HAL_TIM_PWM_MspInit
 .text.HAL_TIM_ConfigClockSource
                0x0000000008001c76      0x108 build/stm32f1xx_hal_tim.o
                0x0000000008001c76                HAL_TIM_ConfigClockSource
 .text.HAL_TIM_PeriodElapsedCallback
                0x0000000008001d7e        0x2 build/stm32f1xx_hal_tim.o
                0x0000000008001d7e                HAL_TIM_PeriodElapsedCallback
 .text.HAL_TIM_OC_DelayElapsedCallback
                0x0000000008001d80        0x2 build/stm32f1xx_hal_tim.o
                0x0000000008001d80                HAL_TIM_OC_DelayElapsedCallback
 .text.HAL_TIM_IC_CaptureCallback
                0x0000000008001d82        0x2 build/stm32f1xx_hal_tim.o
                0x0000000008001d82                HAL_TIM_IC_CaptureCallback
 .text.HAL_TIM_PWM_PulseFinishedCallback
                0x0000000008001d84        0x2 build/stm32f1xx_hal_tim.o
                0x0000000008001d84                HAL_TIM_PWM_PulseFinishedCallback
 .text.HAL_TIM_TriggerCallback
                0x0000000008001d86        0x2 build/stm32f1xx_hal_tim.o
                0x0000000008001d86                HAL_TIM_TriggerCallback
 .text.HAL_TIM_IRQHandler
                0x0000000008001d88      0x17a build/stm32f1xx_hal_tim.o
                0x0000000008001d88                HAL_TIM_IRQHandler
 *fill*         0x0000000008001f02        0x2 
 .text.TIM_Base_SetConfig
                0x0000000008001f04       0x74 build/stm32f1xx_hal_tim.o
                0x0000000008001f04                TIM_Base_SetConfig
 .text.HAL_TIM_Base_Init
                0x0000000008001f78       0x32 build/stm32f1xx_hal_tim.o
                0x0000000008001f78                HAL_TIM_Base_Init
 .text.HAL_TIM_PWM_Init
                0x0000000008001faa       0x32 build/stm32f1xx_hal_tim.o
                0x0000000008001faa                HAL_TIM_PWM_Init
 .text.TIM_OC2_SetConfig
                0x0000000008001fdc       0x64 build/stm32f1xx_hal_tim.o
                0x0000000008001fdc                TIM_OC2_SetConfig
 .text.HAL_TIM_PWM_ConfigChannel
                0x0000000008002040       0xdc build/stm32f1xx_hal_tim.o
                0x0000000008002040                HAL_TIM_PWM_ConfigChannel
 .text.HAL_TIMEx_ConfigBreakDeadTime
                0x000000000800211c       0x58 build/stm32f1xx_hal_tim_ex.o
                0x000000000800211c                HAL_TIMEx_ConfigBreakDeadTime
 .text.HAL_TIMEx_MasterConfigSynchronization
                0x0000000008002174       0x52 build/stm32f1xx_hal_tim_ex.o
                0x0000000008002174                HAL_TIMEx_MasterConfigSynchronization
 .text.HAL_TIMEx_CommutationCallback
                0x00000000080021c6        0x2 build/stm32f1xx_hal_tim_ex.o
                0x00000000080021c6                HAL_TIMEx_CommutationCallback
 .text.HAL_TIMEx_BreakCallback
                0x00000000080021c8        0x2 build/stm32f1xx_hal_tim_ex.o
                0x00000000080021c8                HAL_TIMEx_BreakCallback
 .text.UART_EndRxTransfer
                0x00000000080021ca       0x1c build/stm32f1xx_hal_uart.o
 .text.UART_Transmit_IT
                0x00000000080021e6       0x68 build/stm32f1xx_hal_uart.o
 *fill*         0x000000000800224e        0x2 
 .text.UART_SetConfig
                0x0000000008002250      0x1ac build/stm32f1xx_hal_uart.o
 .text.HAL_UART_Init
                0x00000000080023fc       0x5e build/stm32f1xx_hal_uart.o
                0x00000000080023fc                HAL_UART_Init
 .text.HAL_UART_TxCpltCallback
                0x000000000800245a        0x2 build/stm32f1xx_hal_uart.o
                0x000000000800245a                HAL_UART_TxCpltCallback
 .text.UART_EndTransmit_IT
                0x000000000800245c       0x1a build/stm32f1xx_hal_uart.o
 .text.HAL_UART_RxCpltCallback
                0x0000000008002476        0x2 build/stm32f1xx_hal_uart.o
                0x0000000008002476                HAL_UART_RxCpltCallback
 .text.UART_Receive_IT
                0x0000000008002478       0x9c build/stm32f1xx_hal_uart.o
 .text.HAL_UART_ErrorCallback
                0x0000000008002514        0x2 build/stm32f1xx_hal_uart.o
                0x0000000008002514                HAL_UART_ErrorCallback
 *fill*         0x0000000008002516        0x2 
 .text.HAL_UART_IRQHandler
                0x0000000008002518      0x120 build/stm32f1xx_hal_uart.o
                0x0000000008002518                HAL_UART_IRQHandler
 .text.UART_DMAAbortOnError
                0x0000000008002638       0x10 build/stm32f1xx_hal_uart.o
 .text.HAL_InitTick
                0x0000000008002648       0x4c build/stm32f1xx_hal.o
                0x0000000008002648                HAL_InitTick
 .text.HAL_Init
                0x0000000008002694       0x24 build/stm32f1xx_hal.o
                0x0000000008002694                HAL_Init
 .text.HAL_IncTick
                0x00000000080026b8       0x18 build/stm32f1xx_hal.o
                0x00000000080026b8                HAL_IncTick
 .text.HAL_GetTick
                0x00000000080026d0        0xc build/stm32f1xx_hal.o
                0x00000000080026d0                HAL_GetTick
 .text.HAL_Delay
                0x00000000080026dc       0x28 build/stm32f1xx_hal.o
                0x00000000080026dc                HAL_Delay
 .text.RCC_Delay
                0x0000000008002704       0x2c build/stm32f1xx_hal_rcc.o
 .text.HAL_RCC_OscConfig
                0x0000000008002730      0x3dc build/stm32f1xx_hal_rcc.o
                0x0000000008002730                HAL_RCC_OscConfig
 .text.HAL_RCC_GetSysClockFreq
                0x0000000008002b0c       0x70 build/stm32f1xx_hal_rcc.o
                0x0000000008002b0c                HAL_RCC_GetSysClockFreq
 .text.HAL_RCC_ClockConfig
                0x0000000008002b7c      0x19c build/stm32f1xx_hal_rcc.o
                0x0000000008002b7c                HAL_RCC_ClockConfig
 .text.HAL_RCC_GetHCLKFreq
                0x0000000008002d18        0xc build/stm32f1xx_hal_rcc.o
                0x0000000008002d18                HAL_RCC_GetHCLKFreq
 .text.HAL_RCC_GetPCLK1Freq
                0x0000000008002d24       0x20 build/stm32f1xx_hal_rcc.o
                0x0000000008002d24                HAL_RCC_GetPCLK1Freq
 .text.HAL_RCC_GetPCLK2Freq
                0x0000000008002d44       0x20 build/stm32f1xx_hal_rcc.o
                0x0000000008002d44                HAL_RCC_GetPCLK2Freq
 .text.HAL_RCCEx_PeriphCLKConfig
                0x0000000008002d64      0x114 build/stm32f1xx_hal_rcc_ex.o
                0x0000000008002d64                HAL_RCCEx_PeriphCLKConfig
 .text.HAL_GPIO_Init
                0x0000000008002e78      0x1d4 build/stm32f1xx_hal_gpio.o
                0x0000000008002e78                HAL_GPIO_Init
 .text.HAL_GPIO_WritePin
                0x000000000800304c        0xc build/stm32f1xx_hal_gpio.o
                0x000000000800304c                HAL_GPIO_WritePin
 .text.HAL_GPIO_TogglePin
                0x0000000008003058        0x8 build/stm32f1xx_hal_gpio.o
                0x0000000008003058                HAL_GPIO_TogglePin
 .text.HAL_DMA_Init
                0x0000000008003060       0x6c build/stm32f1xx_hal_dma.o
                0x0000000008003060                HAL_DMA_Init
 .text.HAL_DMA_Abort_IT
                0x00000000080030cc       0x98 build/stm32f1xx_hal_dma.o
                0x00000000080030cc                HAL_DMA_Abort_IT
 .text.HAL_DMA_IRQHandler
                0x0000000008003164      0x144 build/stm32f1xx_hal_dma.o
                0x0000000008003164                HAL_DMA_IRQHandler
 .text.HAL_NVIC_SetPriorityGrouping
                0x00000000080032a8       0x24 build/stm32f1xx_hal_cortex.o
                0x00000000080032a8                HAL_NVIC_SetPriorityGrouping
 .text.HAL_NVIC_SetPriority
                0x00000000080032cc       0x68 build/stm32f1xx_hal_cortex.o
                0x00000000080032cc                HAL_NVIC_SetPriority
 .text.HAL_NVIC_EnableIRQ
                0x0000000008003334       0x18 build/stm32f1xx_hal_cortex.o
                0x0000000008003334                HAL_NVIC_EnableIRQ
 .text.HAL_SYSTICK_Config
                0x000000000800334c       0x2c build/stm32f1xx_hal_cortex.o
                0x000000000800334c                HAL_SYSTICK_Config
 .text.FLASH_Program_HalfWord
                0x0000000008003378       0x1c build/stm32f1xx_hal_flash.o
 .text.FLASH_SetErrorCode
                0x0000000008003394       0x74 build/stm32f1xx_hal_flash.o
 .text.HAL_FLASH_EndOfOperationCallback
                0x0000000008003408        0x2 build/stm32f1xx_hal_flash.o
                0x0000000008003408                HAL_FLASH_EndOfOperationCallback
 .text.HAL_FLASH_OperationErrorCallback
                0x000000000800340a        0x2 build/stm32f1xx_hal_flash.o
                0x000000000800340a                HAL_FLASH_OperationErrorCallback
 .text.HAL_FLASH_IRQHandler
                0x000000000800340c      0x154 build/stm32f1xx_hal_flash.o
                0x000000000800340c                HAL_FLASH_IRQHandler
 .text.HAL_FLASH_Unlock
                0x0000000008003560       0x34 build/stm32f1xx_hal_flash.o
                0x0000000008003560                HAL_FLASH_Unlock
 .text.FLASH_PageErase
                0x0000000008003594       0x24 build/stm32f1xx_hal_flash_ex.o
                0x0000000008003594                FLASH_PageErase
 .text.SystemInit
                0x00000000080035b8       0x4c build/system_stm32f1xx.o
                0x00000000080035b8                SystemInit
 .text.SSD1306_WriteCommand
                0x0000000008003604       0x2c build/ssd1306.o
                0x0000000008003604                SSD1306_WriteCommand
 .text.SSD1306_WriteData
                0x0000000008003630       0x28 build/ssd1306.o
                0x0000000008003630                SSD1306_WriteData
 .text.SSD1306_Fill
                0x0000000008003658       0x20 build/ssd1306.o
                0x0000000008003658                SSD1306_Fill
 .text.SSD1306_UpdateScreen
                0x0000000008003678       0x38 build/ssd1306.o
                0x0000000008003678                SSD1306_UpdateScreen
 .text.SSD1306_Init
                0x00000000080036b0       0xcc build/ssd1306.o
                0x00000000080036b0                SSD1306_Init
 .text.SSD1306_DrawPixel
                0x000000000800377c       0x54 build/ssd1306.o
                0x000000000800377c                SSD1306_DrawPixel
 .text.SSD1306_WriteChar
                0x00000000080037d0       0xa4 build/ssd1306.o
                0x00000000080037d0                SSD1306_WriteChar
 .text.SSD1306_WriteString
                0x0000000008003874       0x30 build/ssd1306.o
                0x0000000008003874                SSD1306_WriteString
 .text.SSD1306_SetCursor
                0x00000000080038a4        0xc build/ssd1306.o
                0x00000000080038a4                SSD1306_SetCursor
 .text.HAL_TIM_Base_MspInit
                0x00000000080038b0       0xa8 build/tim.o
                0x00000000080038b0                HAL_TIM_Base_MspInit
 .text.HAL_TIM_MspPostInit
                0x0000000008003958       0x50 build/tim.o
                0x0000000008003958                HAL_TIM_MspPostInit
 .text.MX_TIM1_Init
                0x00000000080039a8       0xe8 build/tim.o
                0x00000000080039a8                MX_TIM1_Init
 .text.MX_USB_DEVICE_Init
                0x0000000008003a90       0x40 build/usb_device.o
                0x0000000008003a90                MX_USB_DEVICE_Init
 .text.USBD_Get_USB_Status
                0x0000000008003ad0       0x12 build/usbd_conf.o
 *fill*         0x0000000008003ae2        0x2 
 .text.HAL_PCD_MspInit
                0x0000000008003ae4       0x40 build/usbd_conf.o
                0x0000000008003ae4                HAL_PCD_MspInit
 .text.HAL_PCD_SetupStageCallback
                0x0000000008003b24       0x10 build/usbd_conf.o
                0x0000000008003b24                HAL_PCD_SetupStageCallback
 .text.HAL_PCD_DataOutStageCallback
                0x0000000008003b34       0x14 build/usbd_conf.o
                0x0000000008003b34                HAL_PCD_DataOutStageCallback
 .text.HAL_PCD_DataInStageCallback
                0x0000000008003b48       0x12 build/usbd_conf.o
                0x0000000008003b48                HAL_PCD_DataInStageCallback
 .text.HAL_PCD_SOFCallback
                0x0000000008003b5a        0xc build/usbd_conf.o
                0x0000000008003b5a                HAL_PCD_SOFCallback
 .text.HAL_PCD_ResetCallback
                0x0000000008003b66       0x22 build/usbd_conf.o
                0x0000000008003b66                HAL_PCD_ResetCallback
 .text.HAL_PCD_SuspendCallback
                0x0000000008003b88       0x20 build/usbd_conf.o
                0x0000000008003b88                HAL_PCD_SuspendCallback
 .text.HAL_PCD_ResumeCallback
                0x0000000008003ba8        0xc build/usbd_conf.o
                0x0000000008003ba8                HAL_PCD_ResumeCallback
 .text.USBD_LL_Init
                0x0000000008003bb4       0x68 build/usbd_conf.o
                0x0000000008003bb4                USBD_LL_Init
 .text.USBD_LL_Start
                0x0000000008003c1c       0x10 build/usbd_conf.o
                0x0000000008003c1c                USBD_LL_Start
 .text.USBD_LL_OpenEP
                0x0000000008003c2c       0x16 build/usbd_conf.o
                0x0000000008003c2c                USBD_LL_OpenEP
 .text.USBD_LL_CloseEP
                0x0000000008003c42       0x10 build/usbd_conf.o
                0x0000000008003c42                USBD_LL_CloseEP
 .text.USBD_LL_StallEP
                0x0000000008003c52       0x10 build/usbd_conf.o
                0x0000000008003c52                USBD_LL_StallEP
 .text.USBD_LL_ClearStallEP
                0x0000000008003c62       0x10 build/usbd_conf.o
                0x0000000008003c62                USBD_LL_ClearStallEP
 .text.USBD_LL_IsStallEP
                0x0000000008003c72       0x26 build/usbd_conf.o
                0x0000000008003c72                USBD_LL_IsStallEP
 .text.USBD_LL_SetUSBAddress
                0x0000000008003c98       0x10 build/usbd_conf.o
                0x0000000008003c98                USBD_LL_SetUSBAddress
 .text.USBD_LL_Transmit
                0x0000000008003ca8       0x10 build/usbd_conf.o
                0x0000000008003ca8                USBD_LL_Transmit
 .text.USBD_LL_PrepareReceive
                0x0000000008003cb8       0x10 build/usbd_conf.o
                0x0000000008003cb8                USBD_LL_PrepareReceive
 .text.USBD_static_malloc
                0x0000000008003cc8        0x8 build/usbd_conf.o
                0x0000000008003cc8                USBD_static_malloc
 .text.USBD_static_free
                0x0000000008003cd0        0x2 build/usbd_conf.o
                0x0000000008003cd0                USBD_static_free
 .text.HAL_PCDEx_SetConnectionState
                0x0000000008003cd2        0x2 build/usbd_conf.o
                0x0000000008003cd2                HAL_PCDEx_SetConnectionState
 .text.USBD_FS_DeviceDescriptor
                0x0000000008003cd4        0xc build/usbd_desc.o
                0x0000000008003cd4                USBD_FS_DeviceDescriptor
 .text.USBD_FS_LangIDStrDescriptor
                0x0000000008003ce0        0xc build/usbd_desc.o
                0x0000000008003ce0                USBD_FS_LangIDStrDescriptor
 .text.IntToUnicode
                0x0000000008003cec       0x36 build/usbd_desc.o
 *fill*         0x0000000008003d22        0x2 
 .text.Get_SerialNum
                0x0000000008003d24       0x34 build/usbd_desc.o
 .text.USBD_FS_SerialStrDescriptor
                0x0000000008003d58       0x14 build/usbd_desc.o
                0x0000000008003d58                USBD_FS_SerialStrDescriptor
 .text.USBD_FS_ProductStrDescriptor
                0x0000000008003d6c       0x24 build/usbd_desc.o
                0x0000000008003d6c                USBD_FS_ProductStrDescriptor
 .text.USBD_FS_ManufacturerStrDescriptor
                0x0000000008003d90       0x1c build/usbd_desc.o
                0x0000000008003d90                USBD_FS_ManufacturerStrDescriptor
 .text.USBD_FS_ConfigStrDescriptor
                0x0000000008003dac       0x24 build/usbd_desc.o
                0x0000000008003dac                USBD_FS_ConfigStrDescriptor
 .text.USBD_FS_InterfaceStrDescriptor
                0x0000000008003dd0       0x24 build/usbd_desc.o
                0x0000000008003dd0                USBD_FS_InterfaceStrDescriptor
 .text.HAL_PCD_Init
                0x0000000008003df4       0xd6 build/stm32f1xx_hal_pcd.o
                0x0000000008003df4                HAL_PCD_Init
 .text.HAL_PCD_Start
                0x0000000008003eca       0x2e build/stm32f1xx_hal_pcd.o
                0x0000000008003eca                HAL_PCD_Start
 .text.HAL_PCD_SetAddress
                0x0000000008003ef8       0x28 build/stm32f1xx_hal_pcd.o
                0x0000000008003ef8                HAL_PCD_SetAddress
 .text.HAL_PCD_EP_Open
                0x0000000008003f20       0x52 build/stm32f1xx_hal_pcd.o
                0x0000000008003f20                HAL_PCD_EP_Open
 .text.HAL_PCD_EP_Close
                0x0000000008003f72       0x4e build/stm32f1xx_hal_pcd.o
                0x0000000008003f72                HAL_PCD_EP_Close
 .text.HAL_PCD_EP_Receive
                0x0000000008003fc0       0x3e build/stm32f1xx_hal_pcd.o
                0x0000000008003fc0                HAL_PCD_EP_Receive
 .text.HAL_PCD_EP_Transmit
                0x0000000008003ffe       0x3c build/stm32f1xx_hal_pcd.o
                0x0000000008003ffe                HAL_PCD_EP_Transmit
 .text.PCD_EP_ISR_Handler
                0x000000000800403a      0x444 build/stm32f1xx_hal_pcd.o
 .text.HAL_PCD_IRQHandler
                0x000000000800447e      0x160 build/stm32f1xx_hal_pcd.o
                0x000000000800447e                HAL_PCD_IRQHandler
 .text.HAL_PCD_EP_SetStall
                0x00000000080045de       0x5c build/stm32f1xx_hal_pcd.o
                0x00000000080045de                HAL_PCD_EP_SetStall
 .text.HAL_PCD_EP_ClrStall
                0x000000000800463a       0x4e build/stm32f1xx_hal_pcd.o
                0x000000000800463a                HAL_PCD_EP_ClrStall
 .text.HAL_PCDEx_PMAConfig
                0x0000000008004688       0x30 build/stm32f1xx_hal_pcd_ex.o
                0x0000000008004688                HAL_PCDEx_PMAConfig
 .text.USB_CoreInit
                0x00000000080046b8        0xe build/stm32f1xx_ll_usb.o
                0x00000000080046b8                USB_CoreInit
 .text.USB_EnableGlobalInt
                0x00000000080046c6       0x10 build/stm32f1xx_ll_usb.o
                0x00000000080046c6                USB_EnableGlobalInt
 .text.USB_DisableGlobalInt
                0x00000000080046d6       0x14 build/stm32f1xx_ll_usb.o
                0x00000000080046d6                USB_DisableGlobalInt
 .text.USB_SetCurrentMode
                0x00000000080046ea        0x4 build/stm32f1xx_ll_usb.o
                0x00000000080046ea                USB_SetCurrentMode
 .text.USB_DevInit
                0x00000000080046ee       0x2c build/stm32f1xx_ll_usb.o
                0x00000000080046ee                USB_DevInit
 .text.USB_ActivateEndpoint
                0x000000000800471a      0x328 build/stm32f1xx_ll_usb.o
                0x000000000800471a                USB_ActivateEndpoint
 .text.USB_DeactivateEndpoint
                0x0000000008004a42      0x1c4 build/stm32f1xx_ll_usb.o
                0x0000000008004a42                USB_DeactivateEndpoint
 .text.USB_EPSetStall
                0x0000000008004c06       0x6e build/stm32f1xx_ll_usb.o
                0x0000000008004c06                USB_EPSetStall
 .text.USB_EPClearStall
                0x0000000008004c74       0x92 build/stm32f1xx_ll_usb.o
                0x0000000008004c74                USB_EPClearStall
 .text.USB_SetDevAddress
                0x0000000008004d06        0xc build/stm32f1xx_ll_usb.o
                0x0000000008004d06                USB_SetDevAddress
 .text.USB_DevConnect
                0x0000000008004d12        0x4 build/stm32f1xx_ll_usb.o
                0x0000000008004d12                USB_DevConnect
 .text.USB_DevDisconnect
                0x0000000008004d16        0x4 build/stm32f1xx_ll_usb.o
                0x0000000008004d16                USB_DevDisconnect
 .text.USB_ReadInterrupts
                0x0000000008004d1a        0x6 build/stm32f1xx_ll_usb.o
                0x0000000008004d1a                USB_ReadInterrupts
 .text.USB_EP0_OutStart
                0x0000000008004d20        0x4 build/stm32f1xx_ll_usb.o
                0x0000000008004d20                USB_EP0_OutStart
 .text.USB_WritePMA
                0x0000000008004d24       0x2a build/stm32f1xx_ll_usb.o
                0x0000000008004d24                USB_WritePMA
 .text.USB_EPStartXfer
                0x0000000008004d4e      0x2ba build/stm32f1xx_ll_usb.o
                0x0000000008004d4e                USB_EPStartXfer
 .text.USB_ReadPMA
                0x0000000008005008       0x1e build/stm32f1xx_ll_usb.o
                0x0000000008005008                USB_ReadPMA
 .text.USBD_Init
                0x0000000008005026       0x2e build/usbd_core.o
                0x0000000008005026                USBD_Init
 .text.USBD_RegisterClass
                0x0000000008005054        0xe build/usbd_core.o
                0x0000000008005054                USBD_RegisterClass
 .text.USBD_Start
                0x0000000008005062        0xa build/usbd_core.o
                0x0000000008005062                USBD_Start
 .text.USBD_SetClassConfig
                0x000000000800506c       0x1a build/usbd_core.o
                0x000000000800506c                USBD_SetClassConfig
 .text.USBD_ClrClassConfig
                0x0000000008005086        0xe build/usbd_core.o
                0x0000000008005086                USBD_ClrClassConfig
 .text.USBD_LL_SetupStage
                0x0000000008005094       0x5a build/usbd_core.o
                0x0000000008005094                USBD_LL_SetupStage
 .text.USBD_LL_DataOutStage
                0x00000000080050ee       0x6a build/usbd_core.o
                0x00000000080050ee                USBD_LL_DataOutStage
 .text.USBD_LL_DataInStage
                0x0000000008005158       0xb0 build/usbd_core.o
                0x0000000008005158                USBD_LL_DataInStage
 .text.USBD_LL_Reset
                0x0000000008005208       0x3e build/usbd_core.o
                0x0000000008005208                USBD_LL_Reset
 .text.USBD_LL_SetSpeed
                0x0000000008005246        0x6 build/usbd_core.o
                0x0000000008005246                USBD_LL_SetSpeed
 .text.USBD_LL_Suspend
                0x000000000800524c       0x12 build/usbd_core.o
                0x000000000800524c                USBD_LL_Suspend
 .text.USBD_LL_Resume
                0x000000000800525e        0xc build/usbd_core.o
                0x000000000800525e                USBD_LL_Resume
 .text.USBD_LL_SOF
                0x000000000800526a       0x1c build/usbd_core.o
                0x000000000800526a                USBD_LL_SOF
 .text.USBD_GetLen
                0x0000000008005286       0x14 build/usbd_ctlreq.o
 .text.USBD_SetFeature
                0x000000000800529a       0x20 build/usbd_ctlreq.o
 .text.USBD_ParseSetupRequest
                0x00000000080052ba       0x28 build/usbd_ctlreq.o
                0x00000000080052ba                USBD_ParseSetupRequest
 .text.USBD_CtlError
                0x00000000080052e2       0x14 build/usbd_ctlreq.o
                0x00000000080052e2                USBD_CtlError
 .text.USBD_GetDescriptor
                0x00000000080052f6      0x132 build/usbd_ctlreq.o
 .text.USBD_SetAddress
                0x0000000008005428       0x4a build/usbd_ctlreq.o
 *fill*         0x0000000008005472        0x2 
 .text.USBD_SetConfig
                0x0000000008005474       0xa4 build/usbd_ctlreq.o
 .text.USBD_GetConfig
                0x0000000008005518       0x3a build/usbd_ctlreq.o
 .text.USBD_GetStatus
                0x0000000008005552       0x2c build/usbd_ctlreq.o
 .text.USBD_ClrFeature
                0x000000000800557e       0x30 build/usbd_ctlreq.o
 .text.USBD_StdDevReq
                0x00000000080055ae       0x48 build/usbd_ctlreq.o
                0x00000000080055ae                USBD_StdDevReq
 .text.USBD_StdItfReq
                0x00000000080055f6       0x38 build/usbd_ctlreq.o
                0x00000000080055f6                USBD_StdItfReq
 .text.USBD_StdEPReq
                0x000000000800562e      0x118 build/usbd_ctlreq.o
                0x000000000800562e                USBD_StdEPReq
 .text.USBD_GetString
                0x0000000008005746       0x3a build/usbd_ctlreq.o
                0x0000000008005746                USBD_GetString
 .text.USBD_CtlSendData
                0x0000000008005780       0x1a build/usbd_ioreq.o
                0x0000000008005780                USBD_CtlSendData
 .text.USBD_CtlContinueSendData
                0x000000000800579a       0x10 build/usbd_ioreq.o
                0x000000000800579a                USBD_CtlContinueSendData
 .text.USBD_CtlContinueRx
                0x00000000080057aa       0x10 build/usbd_ioreq.o
                0x00000000080057aa                USBD_CtlContinueRx
 .text.USBD_CtlSendStatus
                0x00000000080057ba       0x16 build/usbd_ioreq.o
                0x00000000080057ba                USBD_CtlSendStatus
 .text.USBD_CtlReceiveStatus
                0x00000000080057d0       0x16 build/usbd_ioreq.o
                0x00000000080057d0                USBD_CtlReceiveStatus
 *fill*         0x00000000080057e6        0x2 
 .text.USBD_HID_GetCfgDesc
                0x00000000080057e8        0xc build/usbd_hid.o
 .text.USBD_HID_DataIn
                0x00000000080057f4        0xa build/usbd_hid.o
 *fill*         0x00000000080057fe        0x2 
 .text.USBD_HID_GetDeviceQualifierDesc
                0x0000000008005800        0xc build/usbd_hid.o
 .text.USBD_HID_Setup
                0x000000000800580c       0xc0 build/usbd_hid.o
 .text.USBD_HID_DeInit
                0x00000000080058cc       0x1e build/usbd_hid.o
 .text.USBD_HID_Init
                0x00000000080058ea       0x26 build/usbd_hid.o
 .text.MX_DMA_Init
                0x0000000008005910       0xb4 build/dma.o
                0x0000000008005910                MX_DMA_Init
 .text.Reset_Handler
                0x00000000080059c4       0x48 build/startup_stm32f103xb.o
                0x00000000080059c4                Reset_Handler
 .text.Default_Handler
                0x0000000008005a0c        0x2 build/startup_stm32f103xb.o
                0x0000000008005a0c                USBWakeUp_IRQHandler
                0x0000000008005a0c                EXTI2_IRQHandler
                0x0000000008005a0c                PVD_IRQHandler
                0x0000000008005a0c                EXTI3_IRQHandler
                0x0000000008005a0c                EXTI0_IRQHandler
                0x0000000008005a0c                I2C2_EV_IRQHandler
                0x0000000008005a0c                ADC1_2_IRQHandler
                0x0000000008005a0c                TAMPER_IRQHandler
                0x0000000008005a0c                USART3_IRQHandler
                0x0000000008005a0c                RTC_IRQHandler
                0x0000000008005a0c                CAN1_RX1_IRQHandler
                0x0000000008005a0c                TIM4_IRQHandler
                0x0000000008005a0c                TIM3_IRQHandler
                0x0000000008005a0c                RCC_IRQHandler
                0x0000000008005a0c                Default_Handler
                0x0000000008005a0c                EXTI15_10_IRQHandler
                0x0000000008005a0c                EXTI9_5_IRQHandler
                0x0000000008005a0c                SPI2_IRQHandler
                0x0000000008005a0c                EXTI4_IRQHandler
                0x0000000008005a0c                USB_HP_CAN1_TX_IRQHandler
                0x0000000008005a0c                DMA1_Channel3_IRQHandler
                0x0000000008005a0c                WWDG_IRQHandler
                0x0000000008005a0c                TIM2_IRQHandler
                0x0000000008005a0c                EXTI1_IRQHandler
                0x0000000008005a0c                USART2_IRQHandler
                0x0000000008005a0c                I2C2_ER_IRQHandler
                0x0000000008005a0c                CAN1_SCE_IRQHandler
                0x0000000008005a0c                RTC_Alarm_IRQHandler
 *fill*         0x0000000008005a0e        0x2 
 .text.__libc_init_array
                0x0000000008005a10       0x48 /Users/jason/CMDTools/gcc-arm-none-eabi/bin/../lib/gcc/arm-none-eabi/7.2.1/../../../../arm-none-eabi/lib/thumb/v7-m/libc_nano.a(lib_a-init.o)
                0x0000000008005a10                __libc_init_array
 *(.glue_7)
 .glue_7        0x0000000008005a58        0x0 linker stubs
 *(.glue_7t)
 .glue_7t       0x0000000008005a58        0x0 linker stubs
 *(.eh_frame)
 .eh_frame      0x0000000008005a58        0x0 /Users/jason/CMDTools/gcc-arm-none-eabi/bin/../lib/gcc/arm-none-eabi/7.2.1/thumb/v7-m/crtbegin.o
 *(.init)
 .init          0x0000000008005a58        0x4 /Users/jason/CMDTools/gcc-arm-none-eabi/bin/../lib/gcc/arm-none-eabi/7.2.1/thumb/v7-m/crti.o
                0x0000000008005a58                _init
 .init          0x0000000008005a5c        0x8 /Users/jason/CMDTools/gcc-arm-none-eabi/bin/../lib/gcc/arm-none-eabi/7.2.1/thumb/v7-m/crtn.o
 *(.fini)
 .fini          0x0000000008005a64        0x4 /Users/jason/CMDTools/gcc-arm-none-eabi/bin/../lib/gcc/arm-none-eabi/7.2.1/thumb/v7-m/crti.o
                0x0000000008005a64                _fini
 .fini          0x0000000008005a68        0x8 /Users/jason/CMDTools/gcc-arm-none-eabi/bin/../lib/gcc/arm-none-eabi/7.2.1/thumb/v7-m/crtn.o
                0x0000000008005a70                . = ALIGN (0x4)
                0x0000000008005a70                _etext = .

.vfp11_veneer   0x0000000008005a70        0x0
 .vfp11_veneer  0x0000000008005a70        0x0 linker stubs

.v4_bx          0x0000000008005a70        0x0
 .v4_bx         0x0000000008005a70        0x0 linker stubs

.iplt           0x0000000008005a70        0x0
 .iplt          0x0000000008005a70        0x0 /Users/jason/CMDTools/gcc-arm-none-eabi/bin/../lib/gcc/arm-none-eabi/7.2.1/thumb/v7-m/crtbegin.o

.rodata         0x0000000008005a70      0x7ec
                0x0000000008005a70                . = ALIGN (0x4)
 *(.rodata)
 .rodata        0x0000000008005a70       0x12 build/stm32f1xx_hal_rcc.o
 *(.rodata*)
 *fill*         0x0000000008005a82        0x2 
 .rodata.main.str1.4
                0x0000000008005a84        0xa build/main.o
 *fill*         0x0000000008005a8e        0x2 
 .rodata.AHBPrescTable
                0x0000000008005a90       0x10 build/system_stm32f1xx.o
                0x0000000008005a90                AHBPrescTable
 .rodata.APBPrescTable
                0x0000000008005aa0        0x8 build/system_stm32f1xx.o
                0x0000000008005aa0                APBPrescTable
 .rodata.Font7x10
                0x0000000008005aa8      0x76c build/ssd1306_fonts.o
 .rodata.USBD_FS_ConfigStrDescriptor.str1.4
                0x0000000008006214        0xb build/usbd_desc.o
 *fill*         0x000000000800621f        0x1 
 .rodata.USBD_FS_InterfaceStrDescriptor.str1.4
                0x0000000008006220        0xe build/usbd_desc.o
 *fill*         0x000000000800622e        0x2 
 .rodata.USBD_FS_ManufacturerStrDescriptor.str1.4
                0x0000000008006230       0x13 build/usbd_desc.o
 *fill*         0x0000000008006243        0x1 
 .rodata.USBD_FS_ProductStrDescriptor.str1.4
                0x0000000008006244       0x18 build/usbd_desc.o
                                         0x16 (size before relaxing)
                0x000000000800625c                . = ALIGN (0x4)

.rel.dyn        0x000000000800625c        0x0
 .rel.iplt      0x000000000800625c        0x0 /Users/jason/CMDTools/gcc-arm-none-eabi/bin/../lib/gcc/arm-none-eabi/7.2.1/thumb/v7-m/crtbegin.o

.ARM.extab
 *(.ARM.extab* .gnu.linkonce.armextab.*)

.ARM            0x000000000800625c        0x0
                0x000000000800625c                __exidx_start = .
 *(.ARM.exidx*)
                0x000000000800625c                __exidx_end = .

.preinit_array  0x000000000800625c        0x0
                0x000000000800625c                PROVIDE (__preinit_array_start, .)
 *(.preinit_array*)
                0x000000000800625c                PROVIDE (__preinit_array_end, .)

.init_array     0x000000000800625c        0x4
                0x000000000800625c                PROVIDE (__init_array_start, .)
 *(SORT_BY_NAME(.init_array.*))
 *(.init_array*)
 .init_array    0x000000000800625c        0x4 /Users/jason/CMDTools/gcc-arm-none-eabi/bin/../lib/gcc/arm-none-eabi/7.2.1/thumb/v7-m/crtbegin.o
                0x0000000008006260                PROVIDE (__init_array_end, .)

.fini_array     0x0000000008006260        0x4
                [!provide]                        PROVIDE (__fini_array_start, .)
 *(SORT_BY_NAME(.fini_array.*))
 *(.fini_array*)
 .fini_array    0x0000000008006260        0x4 /Users/jason/CMDTools/gcc-arm-none-eabi/bin/../lib/gcc/arm-none-eabi/7.2.1/thumb/v7-m/crtbegin.o
                [!provide]                        PROVIDE (__fini_array_end, .)
                0x0000000008006264                _sidata = LOADADDR (.data)

.data           0x0000000020000000      0x124 load address 0x0000000008006264
                0x0000000020000000                . = ALIGN (0x4)
                0x0000000020000000                _sdata = .
 *(.data)
 *(.data*)
 .data.uwTickFreq
                0x0000000020000000        0x1 build/stm32f1xx_hal.o
                0x0000000020000000                uwTickFreq
 *fill*         0x0000000020000001        0x3 
 .data.uwTickPrio
                0x0000000020000004        0x4 build/stm32f1xx_hal.o
                0x0000000020000004                uwTickPrio
 .data.SystemCoreClock
                0x0000000020000008        0x4 build/system_stm32f1xx.o
                0x0000000020000008                SystemCoreClock
 .data.Font_7x10
                0x000000002000000c        0x8 build/ssd1306_fonts.o
                0x000000002000000c                Font_7x10
 .data.FS_Desc  0x0000000020000014       0x1c build/usbd_desc.o
                0x0000000020000014                FS_Desc
 .data.USBD_FS_DeviceDesc
                0x0000000020000030       0x12 build/usbd_desc.o
                0x0000000020000030                USBD_FS_DeviceDesc
 *fill*         0x0000000020000042        0x2 
 .data.USBD_LangIDDesc
                0x0000000020000044        0x4 build/usbd_desc.o
                0x0000000020000044                USBD_LangIDDesc
 .data.USBD_StringSerial
                0x0000000020000048       0x1a build/usbd_desc.o
                0x0000000020000048                USBD_StringSerial
 *fill*         0x0000000020000062        0x2 
 .data.HID_MOUSE_ReportDesc
                0x0000000020000064       0x4a build/usbd_hid.o
 *fill*         0x00000000200000ae        0x2 
 .data.USBD_HID
                0x00000000200000b0       0x38 build/usbd_hid.o
                0x00000000200000b0                USBD_HID
 .data.USBD_HID_CfgDesc
                0x00000000200000e8       0x22 build/usbd_hid.o
 *fill*         0x000000002000010a        0x2 
 .data.USBD_HID_Desc
                0x000000002000010c        0x9 build/usbd_hid.o
 *fill*         0x0000000020000115        0x3 
 .data.USBD_HID_DeviceQualifierDesc
                0x0000000020000118        0xa build/usbd_hid.o
                0x0000000020000124                . = ALIGN (0x4)
 *fill*         0x0000000020000122        0x2 
                0x0000000020000124                _edata = .

.igot.plt       0x0000000020000124        0x0 load address 0x0000000008006388
 .igot.plt      0x0000000020000124        0x0 /Users/jason/CMDTools/gcc-arm-none-eabi/bin/../lib/gcc/arm-none-eabi/7.2.1/thumb/v7-m/crtbegin.o
                0x0000000020000124                . = ALIGN (0x4)

.bss            0x0000000020000128      0xfac load address 0x0000000008006388
                0x0000000020000128                _sbss = .
                0x0000000020000128                __bss_start__ = _sbss
 *(.bss)
 .bss           0x0000000020000128       0x1c /Users/jason/CMDTools/gcc-arm-none-eabi/bin/../lib/gcc/arm-none-eabi/7.2.1/thumb/v7-m/crtbegin.o
 *(.bss*)
 .bss.SSD1306   0x0000000020000144        0x6 build/ssd1306.o
 *fill*         0x000000002000014a        0x2 
 .bss.SSD1306_Buffer
                0x000000002000014c      0x400 build/ssd1306.o
 .bss.mem.8546  0x000000002000054c       0x14 build/usbd_conf.o
 .bss.cfgidx.8491
                0x0000000020000560        0x1 build/usbd_ctlreq.o
 *(COMMON)
 *fill*         0x0000000020000561        0x3 
 COMMON         0x0000000020000564       0xdc build/i2c.o
                0x0000000020000564                hdma_i2c1_tx
                0x00000000200005a8                hi2c1
                0x00000000200005fc                hdma_i2c1_rx
 COMMON         0x0000000020000640       0x58 build/spi.o
                0x0000000020000640                hspi1
 COMMON         0x0000000020000698       0xc8 build/usart.o
                0x0000000020000698                hdma_usart1_tx
                0x00000000200006dc                hdma_usart1_rx
                0x0000000020000720                huart1
 COMMON         0x0000000020000760        0x4 build/stm32f1xx_hal.o
                0x0000000020000760                uwTick
 *fill*         0x0000000020000764        0x4 
 COMMON         0x0000000020000768       0x20 build/stm32f1xx_hal_flash.o
                0x0000000020000768                pFlash
 COMMON         0x0000000020000788       0x84 build/tim.o
                0x0000000020000788                hdma_tim1_ch1
                0x00000000200007cc                htim1
 COMMON         0x000000002000080c      0x224 build/usb_device.o
                0x000000002000080c                hUsbDeviceFS
 COMMON         0x0000000020000a30      0x460 build/usbd_conf.o
                0x0000000020000a30                hpcd_USB_FS
 COMMON         0x0000000020000e90      0x200 build/usbd_desc.o
                0x0000000020000e90                USBD_StrDesc
 COMMON         0x0000000020001090       0x44 build/dma.o
                0x0000000020001090                hdma_memtomem_dma1_channel1
                0x00000000200010d4                . = ALIGN (0x4)
                0x00000000200010d4                _ebss = .
                0x00000000200010d4                __bss_end__ = _ebss

._user_heap_stack
                0x00000000200010d4     0x2004 load address 0x0000000008006388
                0x00000000200010d8                . = ALIGN (0x8)
 *fill*         0x00000000200010d4        0x4 
                [!provide]                        PROVIDE (end, .)
                0x00000000200010d8                PROVIDE (_end, .)
                0x00000000200020d8                . = (. + _Min_Heap_Size)
 *fill*         0x00000000200010d8     0x1000 
                0x00000000200030d8                . = (. + _Min_Stack_Size)
 *fill*         0x00000000200020d8     0x1000 
                0x00000000200030d8                . = ALIGN (0x8)

/DISCARD/
 libc.a(*)
 libm.a(*)
 libgcc.a(*)

.ARM.attributes
                0x0000000000000000       0x29
 *(.ARM.attributes)
 .ARM.attributes
                0x0000000000000000       0x1d /Users/jason/CMDTools/gcc-arm-none-eabi/bin/../lib/gcc/arm-none-eabi/7.2.1/thumb/v7-m/crti.o
 .ARM.attributes
                0x000000000000001d       0x2d /Users/jason/CMDTools/gcc-arm-none-eabi/bin/../lib/gcc/arm-none-eabi/7.2.1/thumb/v7-m/crtbegin.o
 .ARM.attributes
                0x000000000000004a       0x33 build/main.o
 .ARM.attributes
                0x000000000000007d       0x33 build/gpio.o
 .ARM.attributes
                0x00000000000000b0       0x33 build/i2c.o
 .ARM.attributes
                0x00000000000000e3       0x33 build/spi.o
 .ARM.attributes
                0x0000000000000116       0x33 build/usart.o
 .ARM.attributes
                0x0000000000000149       0x33 build/stm32f1xx_it.o
 .ARM.attributes
                0x000000000000017c       0x33 build/stm32f1xx_hal_msp.o
 .ARM.attributes
                0x00000000000001af       0x33 build/stm32f1xx_hal_i2c.o
 .ARM.attributes
                0x00000000000001e2       0x33 build/stm32f1xx_hal_spi.o
 .ARM.attributes
                0x0000000000000215       0x33 build/stm32f1xx_hal_spi_ex.o
 .ARM.attributes
                0x0000000000000248       0x33 build/stm32f1xx_hal_tim.o
 .ARM.attributes
                0x000000000000027b       0x33 build/stm32f1xx_hal_tim_ex.o
 .ARM.attributes
                0x00000000000002ae       0x33 build/stm32f1xx_hal_uart.o
 .ARM.attributes
                0x00000000000002e1       0x33 build/stm32f1xx_hal.o
 .ARM.attributes
                0x0000000000000314       0x33 build/stm32f1xx_hal_rcc.o
 .ARM.attributes
                0x0000000000000347       0x33 build/stm32f1xx_hal_rcc_ex.o
 .ARM.attributes
                0x000000000000037a       0x33 build/stm32f1xx_hal_gpio.o
 .ARM.attributes
                0x00000000000003ad       0x33 build/stm32f1xx_hal_dma.o
 .ARM.attributes
                0x00000000000003e0       0x33 build/stm32f1xx_hal_cortex.o
 .ARM.attributes
                0x0000000000000413       0x33 build/stm32f1xx_hal_flash.o
 .ARM.attributes
                0x0000000000000446       0x33 build/stm32f1xx_hal_flash_ex.o
 .ARM.attributes
                0x0000000000000479       0x33 build/system_stm32f1xx.o
 .ARM.attributes
                0x00000000000004ac       0x33 build/ssd1306.o
 .ARM.attributes
                0x00000000000004df       0x33 build/ssd1306_fonts.o
 .ARM.attributes
                0x0000000000000512       0x33 build/tim.o
 .ARM.attributes
                0x0000000000000545       0x33 build/usb_device.o
 .ARM.attributes
                0x0000000000000578       0x33 build/usbd_conf.o
 .ARM.attributes
                0x00000000000005ab       0x33 build/usbd_desc.o
 .ARM.attributes
                0x00000000000005de       0x33 build/stm32f1xx_hal_pcd.o
 .ARM.attributes
                0x0000000000000611       0x33 build/stm32f1xx_hal_pcd_ex.o
 .ARM.attributes
                0x0000000000000644       0x33 build/stm32f1xx_ll_usb.o
 .ARM.attributes
                0x0000000000000677       0x33 build/usbd_core.o
 .ARM.attributes
                0x00000000000006aa       0x33 build/usbd_ctlreq.o
 .ARM.attributes
                0x00000000000006dd       0x33 build/usbd_ioreq.o
 .ARM.attributes
                0x0000000000000710       0x33 build/usbd_hid.o
 .ARM.attributes
                0x0000000000000743       0x33 build/dma.o
 .ARM.attributes
                0x0000000000000776       0x21 build/startup_stm32f103xb.o
 .ARM.attributes
                0x0000000000000797       0x2d /Users/jason/CMDTools/gcc-arm-none-eabi/bin/../lib/gcc/arm-none-eabi/7.2.1/../../../../arm-none-eabi/lib/thumb/v7-m/libc_nano.a(lib_a-init.o)
 .ARM.attributes
                0x00000000000007c4       0x1d /Users/jason/CMDTools/gcc-arm-none-eabi/bin/../lib/gcc/arm-none-eabi/7.2.1/thumb/v7-m/crtn.o
OUTPUT(build/STM32F1.elf elf32-littlearm)

.debug_info     0x0000000000000000    0x344c2
 .debug_info    0x0000000000000000     0x1ce4 build/main.o
 .debug_info    0x0000000000001ce4      0xcf7 build/gpio.o
 .debug_info    0x00000000000029db     0x150a build/i2c.o
 .debug_info    0x0000000000003ee5     0x1416 build/spi.o
 .debug_info    0x00000000000052fb     0x18ee build/usart.o
 .debug_info    0x0000000000006be9     0x1f2f build/stm32f1xx_it.o
 .debug_info    0x0000000000008b18      0xd85 build/stm32f1xx_hal_msp.o
 .debug_info    0x000000000000989d     0x3a81 build/stm32f1xx_hal_i2c.o
 .debug_info    0x000000000000d31e     0x23dd build/stm32f1xx_hal_spi.o
 .debug_info    0x000000000000f6fb      0xfcb build/stm32f1xx_hal_spi_ex.o
 .debug_info    0x00000000000106c6     0x3a3d build/stm32f1xx_hal_tim.o
 .debug_info    0x0000000000014103     0x1d23 build/stm32f1xx_hal_tim_ex.o
 .debug_info    0x0000000000015e26     0x2104 build/stm32f1xx_hal_uart.o
 .debug_info    0x0000000000017f2a     0x112e build/stm32f1xx_hal.o
 .debug_info    0x0000000000019058     0x13c1 build/stm32f1xx_hal_rcc.o
 .debug_info    0x000000000001a419      0xdc0 build/stm32f1xx_hal_rcc_ex.o
 .debug_info    0x000000000001b1d9     0x1012 build/stm32f1xx_hal_gpio.o
 .debug_info    0x000000000001c1eb     0x11ac build/stm32f1xx_hal_dma.o
 .debug_info    0x000000000001d397     0x163a build/stm32f1xx_hal_cortex.o
 .debug_info    0x000000000001e9d1     0x103c build/stm32f1xx_hal_flash.o
 .debug_info    0x000000000001fa0d     0x1458 build/stm32f1xx_hal_flash_ex.o
 .debug_info    0x0000000000020e65      0xd83 build/system_stm32f1xx.o
 .debug_info    0x0000000000021be8     0x22b3 build/ssd1306.o
 .debug_info    0x0000000000023e9b      0x1a4 build/ssd1306_fonts.o
 .debug_info    0x000000000002403f     0x17f4 build/tim.o
 .debug_info    0x0000000000025833      0xfab build/usb_device.o
 .debug_info    0x00000000000267de     0x23eb build/usbd_conf.o
 .debug_info    0x0000000000028bc9      0xf79 build/usbd_desc.o
 .debug_info    0x0000000000029b42     0x1c2c build/stm32f1xx_hal_pcd.o
 .debug_info    0x000000000002b76e      0xfac build/stm32f1xx_hal_pcd_ex.o
 .debug_info    0x000000000002c71a     0x192b build/stm32f1xx_ll_usb.o
 .debug_info    0x000000000002e045     0x16b9 build/usbd_core.o
 .debug_info    0x000000000002f6fe     0x184a build/usbd_ctlreq.o
 .debug_info    0x0000000000030f48     0x1191 build/usbd_ioreq.o
 .debug_info    0x00000000000320d9     0x134a build/usbd_hid.o
 .debug_info    0x0000000000033423     0x107d build/dma.o
 .debug_info    0x00000000000344a0       0x22 build/startup_stm32f103xb.o

.debug_abbrev   0x0000000000000000     0x5a99
 .debug_abbrev  0x0000000000000000      0x259 build/main.o
 .debug_abbrev  0x0000000000000259      0x1e4 build/gpio.o
 .debug_abbrev  0x000000000000043d      0x237 build/i2c.o
 .debug_abbrev  0x0000000000000674      0x226 build/spi.o
 .debug_abbrev  0x000000000000089a      0x2b7 build/usart.o
 .debug_abbrev  0x0000000000000b51      0x201 build/stm32f1xx_it.o
 .debug_abbrev  0x0000000000000d52      0x1ed build/stm32f1xx_hal_msp.o
 .debug_abbrev  0x0000000000000f3f      0x311 build/stm32f1xx_hal_i2c.o
 .debug_abbrev  0x0000000000001250      0x2e8 build/stm32f1xx_hal_spi.o
 .debug_abbrev  0x0000000000001538      0x1c2 build/stm32f1xx_hal_spi_ex.o
 .debug_abbrev  0x00000000000016fa      0x2f6 build/stm32f1xx_hal_tim.o
 .debug_abbrev  0x00000000000019f0      0x2cf build/stm32f1xx_hal_tim_ex.o
 .debug_abbrev  0x0000000000001cbf      0x30f build/stm32f1xx_hal_uart.o
 .debug_abbrev  0x0000000000001fce      0x2d4 build/stm32f1xx_hal.o
 .debug_abbrev  0x00000000000022a2      0x309 build/stm32f1xx_hal_rcc.o
 .debug_abbrev  0x00000000000025ab      0x26d build/stm32f1xx_hal_rcc_ex.o
 .debug_abbrev  0x0000000000002818      0x295 build/stm32f1xx_hal_gpio.o
 .debug_abbrev  0x0000000000002aad      0x2ba build/stm32f1xx_hal_dma.o
 .debug_abbrev  0x0000000000002d67      0x3aa build/stm32f1xx_hal_cortex.o
 .debug_abbrev  0x0000000000003111      0x30a build/stm32f1xx_hal_flash.o
 .debug_abbrev  0x000000000000341b      0x301 build/stm32f1xx_hal_flash_ex.o
 .debug_abbrev  0x000000000000371c      0x1e0 build/system_stm32f1xx.o
 .debug_abbrev  0x00000000000038fc      0x307 build/ssd1306.o
 .debug_abbrev  0x0000000000003c03       0x9e build/ssd1306_fonts.o
 .debug_abbrev  0x0000000000003ca1      0x248 build/tim.o
 .debug_abbrev  0x0000000000003ee9      0x1ce build/usb_device.o
 .debug_abbrev  0x00000000000040b7      0x326 build/usbd_conf.o
 .debug_abbrev  0x00000000000043dd      0x2bc build/usbd_desc.o
 .debug_abbrev  0x0000000000004699      0x347 build/stm32f1xx_hal_pcd.o
 .debug_abbrev  0x00000000000049e0      0x1ea build/stm32f1xx_hal_pcd_ex.o
 .debug_abbrev  0x0000000000004bca      0x2b1 build/stm32f1xx_ll_usb.o
 .debug_abbrev  0x0000000000004e7b      0x29f build/usbd_core.o
 .debug_abbrev  0x000000000000511a      0x2fe build/usbd_ctlreq.o
 .debug_abbrev  0x0000000000005418      0x1d0 build/usbd_ioreq.o
 .debug_abbrev  0x00000000000055e8      0x293 build/usbd_hid.o
 .debug_abbrev  0x000000000000587b      0x20c build/dma.o
 .debug_abbrev  0x0000000000005a87       0x12 build/startup_stm32f103xb.o

.debug_loc      0x0000000000000000    0x15ed8
 .debug_loc     0x0000000000000000       0xad build/main.o
 .debug_loc     0x00000000000000ad       0x38 build/gpio.o
 .debug_loc     0x00000000000000e5       0xe7 build/i2c.o
 .debug_loc     0x00000000000001cc       0xf8 build/spi.o
 .debug_loc     0x00000000000002c4      0x282 build/usart.o
 .debug_loc     0x0000000000000546      0x220 build/stm32f1xx_it.o
 .debug_loc     0x0000000000000766       0x38 build/stm32f1xx_hal_msp.o
 .debug_loc     0x000000000000079e     0x3d23 build/stm32f1xx_hal_i2c.o
 .debug_loc     0x00000000000044c1     0x201c build/stm32f1xx_hal_spi.o
 .debug_loc     0x00000000000064dd       0x79 build/stm32f1xx_hal_spi_ex.o
 .debug_loc     0x0000000000006556     0x40e2 build/stm32f1xx_hal_tim.o
 .debug_loc     0x000000000000a638     0x13ca build/stm32f1xx_hal_tim_ex.o
 .debug_loc     0x000000000000ba02     0x19dd build/stm32f1xx_hal_uart.o
 .debug_loc     0x000000000000d3df      0x19d build/stm32f1xx_hal.o
 .debug_loc     0x000000000000d57c      0x68e build/stm32f1xx_hal_rcc.o
 .debug_loc     0x000000000000dc0a      0x358 build/stm32f1xx_hal_rcc_ex.o
 .debug_loc     0x000000000000df62      0x516 build/stm32f1xx_hal_gpio.o
 .debug_loc     0x000000000000e478      0x8da build/stm32f1xx_hal_dma.o
 .debug_loc     0x000000000000ed52      0x63d build/stm32f1xx_hal_cortex.o
 .debug_loc     0x000000000000f38f      0x3d7 build/stm32f1xx_hal_flash.o
 .debug_loc     0x000000000000f766      0x9b1 build/stm32f1xx_hal_flash_ex.o
 .debug_loc     0x0000000000010117       0xdf build/system_stm32f1xx.o
 .debug_loc     0x00000000000101f6     0x1060 build/ssd1306.o
 .debug_loc     0x0000000000011256      0x180 build/tim.o
 .debug_loc     0x00000000000113d6       0x20 build/usb_device.o
 .debug_loc     0x00000000000113f6      0xd5b build/usbd_conf.o
 .debug_loc     0x0000000000012151      0x3fa build/usbd_desc.o
 .debug_loc     0x000000000001254b      0xd48 build/stm32f1xx_hal_pcd.o
 .debug_loc     0x0000000000013293       0xf4 build/stm32f1xx_hal_pcd_ex.o
 .debug_loc     0x0000000000013387      0xd39 build/stm32f1xx_ll_usb.o
 .debug_loc     0x00000000000140c0      0x884 build/usbd_core.o
 .debug_loc     0x0000000000014944      0xcf4 build/usbd_ctlreq.o
 .debug_loc     0x0000000000015638      0x31c build/usbd_ioreq.o
 .debug_loc     0x0000000000015954      0x540 build/usbd_hid.o
 .debug_loc     0x0000000000015e94       0x44 build/dma.o

.debug_aranges  0x0000000000000000     0x1830
 .debug_aranges
                0x0000000000000000       0x30 build/main.o
 .debug_aranges
                0x0000000000000030       0x20 build/gpio.o
 .debug_aranges
                0x0000000000000050       0x30 build/i2c.o
 .debug_aranges
                0x0000000000000080       0x30 build/spi.o
 .debug_aranges
                0x00000000000000b0       0x78 build/usart.o
 .debug_aranges
                0x0000000000000128       0xe0 build/stm32f1xx_it.o
 .debug_aranges
                0x0000000000000208       0x20 build/stm32f1xx_hal_msp.o
 .debug_aranges
                0x0000000000000228      0x268 build/stm32f1xx_hal_i2c.o
 .debug_aranges
                0x0000000000000490      0x1d0 build/stm32f1xx_hal_spi.o
 .debug_aranges
                0x0000000000000660       0x20 build/stm32f1xx_hal_spi_ex.o
 .debug_aranges
                0x0000000000000680      0x368 build/stm32f1xx_hal_tim.o
 .debug_aranges
                0x00000000000009e8      0x138 build/stm32f1xx_hal_tim_ex.o
 .debug_aranges
                0x0000000000000b20      0x1d0 build/stm32f1xx_hal_uart.o
 .debug_aranges
                0x0000000000000cf0       0xd0 build/stm32f1xx_hal.o
 .debug_aranges
                0x0000000000000dc0       0x90 build/stm32f1xx_hal_rcc.o
 .debug_aranges
                0x0000000000000e50       0x30 build/stm32f1xx_hal_rcc_ex.o
 .debug_aranges
                0x0000000000000e80       0x58 build/stm32f1xx_hal_gpio.o
 .debug_aranges
                0x0000000000000ed8       0x80 build/stm32f1xx_hal_dma.o
 .debug_aranges
                0x0000000000000f58       0x90 build/stm32f1xx_hal_cortex.o
 .debug_aranges
                0x0000000000000fe8       0x88 build/stm32f1xx_hal_flash.o
 .debug_aranges
                0x0000000000001070       0x98 build/stm32f1xx_hal_flash_ex.o
 .debug_aranges
                0x0000000000001108       0x28 build/system_stm32f1xx.o
 .debug_aranges
                0x0000000000001130       0xa0 build/ssd1306.o
 .debug_aranges
                0x00000000000011d0       0x18 build/ssd1306_fonts.o
 .debug_aranges
                0x00000000000011e8       0x38 build/tim.o
 .debug_aranges
                0x0000000000001220       0x20 build/usb_device.o
 .debug_aranges
                0x0000000000001240      0x118 build/usbd_conf.o
 .debug_aranges
                0x0000000000001358       0x60 build/usbd_desc.o
 .debug_aranges
                0x00000000000013b8      0x120 build/stm32f1xx_hal_pcd.o
 .debug_aranges
                0x00000000000014d8       0x28 build/stm32f1xx_hal_pcd_ex.o
 .debug_aranges
                0x0000000000001500      0x100 build/stm32f1xx_ll_usb.o
 .debug_aranges
                0x0000000000001600       0xb8 build/usbd_core.o
 .debug_aranges
                0x00000000000016b8       0x88 build/usbd_ctlreq.o
 .debug_aranges
                0x0000000000001740       0x50 build/usbd_ioreq.o
 .debug_aranges
                0x0000000000001790       0x58 build/usbd_hid.o
 .debug_aranges
                0x00000000000017e8       0x20 build/dma.o
 .debug_aranges
                0x0000000000001808       0x28 build/startup_stm32f103xb.o

.debug_ranges   0x0000000000000000     0x1798
 .debug_ranges  0x0000000000000000       0x20 build/main.o
 .debug_ranges  0x0000000000000020       0x10 build/gpio.o
 .debug_ranges  0x0000000000000030       0x20 build/i2c.o
 .debug_ranges  0x0000000000000050       0x20 build/spi.o
 .debug_ranges  0x0000000000000070       0x68 build/usart.o
 .debug_ranges  0x00000000000000d8       0xd0 build/stm32f1xx_it.o
 .debug_ranges  0x00000000000001a8       0x10 build/stm32f1xx_hal_msp.o
 .debug_ranges  0x00000000000001b8      0x258 build/stm32f1xx_hal_i2c.o
 .debug_ranges  0x0000000000000410      0x1c0 build/stm32f1xx_hal_spi.o
 .debug_ranges  0x00000000000005d0       0x10 build/stm32f1xx_hal_spi_ex.o
 .debug_ranges  0x00000000000005e0      0x358 build/stm32f1xx_hal_tim.o
 .debug_ranges  0x0000000000000938      0x128 build/stm32f1xx_hal_tim_ex.o
 .debug_ranges  0x0000000000000a60      0x1c0 build/stm32f1xx_hal_uart.o
 .debug_ranges  0x0000000000000c20       0xc0 build/stm32f1xx_hal.o
 .debug_ranges  0x0000000000000ce0       0xa0 build/stm32f1xx_hal_rcc.o
 .debug_ranges  0x0000000000000d80       0x38 build/stm32f1xx_hal_rcc_ex.o
 .debug_ranges  0x0000000000000db8       0x48 build/stm32f1xx_hal_gpio.o
 .debug_ranges  0x0000000000000e00       0x70 build/stm32f1xx_hal_dma.o
 .debug_ranges  0x0000000000000e70       0xe0 build/stm32f1xx_hal_cortex.o
 .debug_ranges  0x0000000000000f50       0x78 build/stm32f1xx_hal_flash.o
 .debug_ranges  0x0000000000000fc8       0x88 build/stm32f1xx_hal_flash_ex.o
 .debug_ranges  0x0000000000001050       0x18 build/system_stm32f1xx.o
 .debug_ranges  0x0000000000001068       0x90 build/ssd1306.o
 .debug_ranges  0x00000000000010f8       0x28 build/tim.o
 .debug_ranges  0x0000000000001120       0x10 build/usb_device.o
 .debug_ranges  0x0000000000001130      0x108 build/usbd_conf.o
 .debug_ranges  0x0000000000001238       0x50 build/usbd_desc.o
 .debug_ranges  0x0000000000001288      0x140 build/stm32f1xx_hal_pcd.o
 .debug_ranges  0x00000000000013c8       0x18 build/stm32f1xx_hal_pcd_ex.o
 .debug_ranges  0x00000000000013e0      0x1e0 build/stm32f1xx_ll_usb.o
 .debug_ranges  0x00000000000015c0       0xa8 build/usbd_core.o
 .debug_ranges  0x0000000000001668       0x78 build/usbd_ctlreq.o
 .debug_ranges  0x00000000000016e0       0x40 build/usbd_ioreq.o
 .debug_ranges  0x0000000000001720       0x48 build/usbd_hid.o
 .debug_ranges  0x0000000000001768       0x10 build/dma.o
 .debug_ranges  0x0000000000001778       0x20 build/startup_stm32f103xb.o

.debug_line     0x0000000000000000     0xc19f
 .debug_line    0x0000000000000000      0x40d build/main.o
 .debug_line    0x000000000000040d      0x229 build/gpio.o
 .debug_line    0x0000000000000636      0x2f3 build/i2c.o
 .debug_line    0x0000000000000929      0x2df build/spi.o
 .debug_line    0x0000000000000c08      0x409 build/usart.o
 .debug_line    0x0000000000001011      0x485 build/stm32f1xx_it.o
 .debug_line    0x0000000000001496      0x233 build/stm32f1xx_hal_msp.o
 .debug_line    0x00000000000016c9     0x14ff build/stm32f1xx_hal_i2c.o
 .debug_line    0x0000000000002bc8      0xc71 build/stm32f1xx_hal_spi.o
 .debug_line    0x0000000000003839      0x294 build/stm32f1xx_hal_spi_ex.o
 .debug_line    0x0000000000003acd     0x1259 build/stm32f1xx_hal_tim.o
 .debug_line    0x0000000000004d26      0x813 build/stm32f1xx_hal_tim_ex.o
 .debug_line    0x0000000000005539      0xb73 build/stm32f1xx_hal_uart.o
 .debug_line    0x00000000000060ac      0x407 build/stm32f1xx_hal.o
 .debug_line    0x00000000000064b3      0x572 build/stm32f1xx_hal_rcc.o
 .debug_line    0x0000000000006a25      0x333 build/stm32f1xx_hal_rcc_ex.o
 .debug_line    0x0000000000006d58      0x411 build/stm32f1xx_hal_gpio.o
 .debug_line    0x0000000000007169      0x5dc build/stm32f1xx_hal_dma.o
 .debug_line    0x0000000000007745      0x3fd build/stm32f1xx_hal_cortex.o
 .debug_line    0x0000000000007b42      0x47b build/stm32f1xx_hal_flash.o
 .debug_line    0x0000000000007fbd      0x4ff build/stm32f1xx_hal_flash_ex.o
 .debug_line    0x00000000000084bc      0x262 build/system_stm32f1xx.o
 .debug_line    0x000000000000871e      0x57e build/ssd1306.o
 .debug_line    0x0000000000008c9c       0xfc build/ssd1306_fonts.o
 .debug_line    0x0000000000008d98      0x33f build/tim.o
 .debug_line    0x00000000000090d7      0x2fe build/usb_device.o
 .debug_line    0x00000000000093d5      0x5d5 build/usbd_conf.o
 .debug_line    0x00000000000099aa      0x365 build/usbd_desc.o
 .debug_line    0x0000000000009d0f      0x761 build/stm32f1xx_hal_pcd.o
 .debug_line    0x000000000000a470      0x296 build/stm32f1xx_hal_pcd_ex.o
 .debug_line    0x000000000000a706      0x691 build/stm32f1xx_ll_usb.o
 .debug_line    0x000000000000ad97      0x4d4 build/usbd_core.o
 .debug_line    0x000000000000b26b      0x4e1 build/usbd_ctlreq.o
 .debug_line    0x000000000000b74c      0x336 build/usbd_ioreq.o
 .debug_line    0x000000000000ba82      0x42e build/usbd_hid.o
 .debug_line    0x000000000000beb0      0x27d build/dma.o
 .debug_line    0x000000000000c12d       0x72 build/startup_stm32f103xb.o

.debug_str      0x0000000000000000     0x65e3
 .debug_str     0x0000000000000000     0x1213 build/main.o
                                       0x1351 (size before relaxing)
 .debug_str     0x0000000000001213       0xae build/gpio.o
                                        0x745 (size before relaxing)
 .debug_str     0x00000000000012c1      0x39a build/i2c.o
                                        0xf31 (size before relaxing)
 .debug_str     0x000000000000165b       0x43 build/spi.o
                                        0xe3e (size before relaxing)
 .debug_str     0x000000000000169e      0x1db build/usart.o
                                       0x1035 (size before relaxing)
 .debug_str     0x0000000000001879      0x53c build/stm32f1xx_it.o
                                       0x155c (size before relaxing)
 .debug_str     0x0000000000001db5       0x48 build/stm32f1xx_hal_msp.o
                                        0x9e4 (size before relaxing)
 .debug_str     0x0000000000001dfd      0x7df build/stm32f1xx_hal_i2c.o
                                       0x1369 (size before relaxing)
 .debug_str     0x00000000000025dc      0x4b9 build/stm32f1xx_hal_spi.o
                                        0xfa6 (size before relaxing)
 .debug_str     0x0000000000002a95       0x38 build/stm32f1xx_hal_spi_ex.o
                                        0xa8e (size before relaxing)
 .debug_str     0x0000000000002acd      0xd2b build/stm32f1xx_hal_tim.o
                                       0x1802 (size before relaxing)
 .debug_str     0x00000000000037f8      0x4ee build/stm32f1xx_hal_tim_ex.o
                                       0x10a4 (size before relaxing)
 .debug_str     0x0000000000003ce6      0x4d4 build/stm32f1xx_hal_uart.o
                                       0x101b (size before relaxing)
 .debug_str     0x00000000000041ba      0x236 build/stm32f1xx_hal.o
                                        0xc3e (size before relaxing)
 .debug_str     0x00000000000043f0      0x1b7 build/stm32f1xx_hal_rcc.o
                                        0xaaa (size before relaxing)
 .debug_str     0x00000000000045a7       0x9c build/stm32f1xx_hal_rcc_ex.o
                                        0x88e (size before relaxing)
 .debug_str     0x0000000000004643      0x104 build/stm32f1xx_hal_gpio.o
                                        0x8d3 (size before relaxing)
 .debug_str     0x0000000000004747      0x1d8 build/stm32f1xx_hal_dma.o
                                        0xaca (size before relaxing)
 .debug_str     0x000000000000491f      0x27f build/stm32f1xx_hal_cortex.o
                                        0xd66 (size before relaxing)
 .debug_str     0x0000000000004b9e      0x267 build/stm32f1xx_hal_flash.o
                                        0x9ea (size before relaxing)
 .debug_str     0x0000000000004e05      0x2b8 build/stm32f1xx_hal_flash_ex.o
                                        0xb00 (size before relaxing)
 .debug_str     0x00000000000050bd       0x4a build/system_stm32f1xx.o
                                        0x73c (size before relaxing)
 .debug_str     0x0000000000005107      0x1d8 build/ssd1306.o
                                        0xf26 (size before relaxing)
 .debug_str     0x00000000000052df       0x3d build/ssd1306_fonts.o
                                        0x1dc (size before relaxing)
 .debug_str     0x000000000000531c       0x41 build/tim.o
                                       0x10cb (size before relaxing)
 .debug_str     0x000000000000535d      0x385 build/usb_device.o
                                        0xa7f (size before relaxing)
 .debug_str     0x00000000000056e2      0x4e8 build/usbd_conf.o
                                       0x15dd (size before relaxing)
 .debug_str     0x0000000000005bca      0x171 build/usbd_desc.o
                                        0x906 (size before relaxing)
 .debug_str     0x0000000000005d3b      0x2cf build/stm32f1xx_hal_pcd.o
                                        0xecd (size before relaxing)
 .debug_str     0x000000000000600a       0x40 build/stm32f1xx_hal_pcd_ex.o
                                        0x9f8 (size before relaxing)
 .debug_str     0x000000000000604a      0x14c build/stm32f1xx_ll_usb.o
                                        0xbcb (size before relaxing)
 .debug_str     0x0000000000006196      0x13e build/usbd_core.o
                                        0xce9 (size before relaxing)
 .debug_str     0x00000000000062d4       0xe2 build/usbd_ctlreq.o
                                        0xc03 (size before relaxing)
 .debug_str     0x00000000000063b6       0x60 build/usbd_ioreq.o
                                        0xb30 (size before relaxing)
 .debug_str     0x0000000000006416      0x19e build/usbd_hid.o
                                        0xc57 (size before relaxing)
 .debug_str     0x00000000000065b4        0xa build/dma.o
                                        0xbdc (size before relaxing)
 .debug_str     0x00000000000065be       0x25 build/startup_stm32f103xb.o
                                         0x42 (size before relaxing)

.comment        0x0000000000000000       0x7e
 .comment       0x0000000000000000       0x7e build/main.o
                                         0x7f (size before relaxing)
 .comment       0x000000000000007e       0x7f build/gpio.o
 .comment       0x000000000000007e       0x7f build/i2c.o
 .comment       0x000000000000007e       0x7f build/spi.o
 .comment       0x000000000000007e       0x7f build/usart.o
 .comment       0x000000000000007e       0x7f build/stm32f1xx_it.o
 .comment       0x000000000000007e       0x7f build/stm32f1xx_hal_msp.o
 .comment       0x000000000000007e       0x7f build/stm32f1xx_hal_i2c.o
 .comment       0x000000000000007e       0x7f build/stm32f1xx_hal_spi.o
 .comment       0x000000000000007e       0x7f build/stm32f1xx_hal_spi_ex.o
 .comment       0x000000000000007e       0x7f build/stm32f1xx_hal_tim.o
 .comment       0x000000000000007e       0x7f build/stm32f1xx_hal_tim_ex.o
 .comment       0x000000000000007e       0x7f build/stm32f1xx_hal_uart.o
 .comment       0x000000000000007e       0x7f build/stm32f1xx_hal.o
 .comment       0x000000000000007e       0x7f build/stm32f1xx_hal_rcc.o
 .comment       0x000000000000007e       0x7f build/stm32f1xx_hal_rcc_ex.o
 .comment       0x000000000000007e       0x7f build/stm32f1xx_hal_gpio.o
 .comment       0x000000000000007e       0x7f build/stm32f1xx_hal_dma.o
 .comment       0x000000000000007e       0x7f build/stm32f1xx_hal_cortex.o
 .comment       0x000000000000007e       0x7f build/stm32f1xx_hal_flash.o
 .comment       0x000000000000007e       0x7f build/stm32f1xx_hal_flash_ex.o
 .comment       0x000000000000007e       0x7f build/system_stm32f1xx.o
 .comment       0x000000000000007e       0x7f build/ssd1306.o
 .comment       0x000000000000007e       0x7f build/ssd1306_fonts.o
 .comment       0x000000000000007e       0x7f build/tim.o
 .comment       0x000000000000007e       0x7f build/usb_device.o
 .comment       0x000000000000007e       0x7f build/usbd_conf.o
 .comment       0x000000000000007e       0x7f build/usbd_desc.o
 .comment       0x000000000000007e       0x7f build/stm32f1xx_hal_pcd.o
 .comment       0x000000000000007e       0x7f build/stm32f1xx_hal_pcd_ex.o
 .comment       0x000000000000007e       0x7f build/stm32f1xx_ll_usb.o
 .comment       0x000000000000007e       0x7f build/usbd_core.o
 .comment       0x000000000000007e       0x7f build/usbd_ctlreq.o
 .comment       0x000000000000007e       0x7f build/usbd_ioreq.o
 .comment       0x000000000000007e       0x7f build/usbd_hid.o
 .comment       0x000000000000007e       0x7f build/dma.o

.debug_frame    0x0000000000000000     0x46ec
 .debug_frame   0x0000000000000000       0x64 build/main.o
 .debug_frame   0x0000000000000064       0x34 build/gpio.o
 .debug_frame   0x0000000000000098       0x70 build/i2c.o
 .debug_frame   0x0000000000000108       0x70 build/spi.o
 .debug_frame   0x0000000000000178      0x110 build/usart.o
 .debug_frame   0x0000000000000288      0x26c build/stm32f1xx_it.o
 .debug_frame   0x00000000000004f4       0x2c build/stm32f1xx_hal_msp.o
 .debug_frame   0x0000000000000520      0x97c build/stm32f1xx_hal_i2c.o
 .debug_frame   0x0000000000000e9c      0x5fc build/stm32f1xx_hal_spi.o
 .debug_frame   0x0000000000001498       0x30 build/stm32f1xx_hal_spi_ex.o
 .debug_frame   0x00000000000014c8      0xb1c build/stm32f1xx_hal_tim.o
 .debug_frame   0x0000000000001fe4      0x3e4 build/stm32f1xx_hal_tim_ex.o
 .debug_frame   0x00000000000023c8      0x57c build/stm32f1xx_hal_uart.o
 .debug_frame   0x0000000000002944      0x1c0 build/stm32f1xx_hal.o
 .debug_frame   0x0000000000002b04      0x194 build/stm32f1xx_hal_rcc.o
 .debug_frame   0x0000000000002c98       0x74 build/stm32f1xx_hal_rcc_ex.o
 .debug_frame   0x0000000000002d0c       0xe8 build/stm32f1xx_hal_gpio.o
 .debug_frame   0x0000000000002df4      0x168 build/stm32f1xx_hal_dma.o
 .debug_frame   0x0000000000002f5c      0x13c build/stm32f1xx_hal_cortex.o
 .debug_frame   0x0000000000003098      0x150 build/stm32f1xx_hal_flash.o
 .debug_frame   0x00000000000031e8      0x1c8 build/stm32f1xx_hal_flash_ex.o
 .debug_frame   0x00000000000033b0       0x30 build/system_stm32f1xx.o
 .debug_frame   0x00000000000033e0      0x298 build/ssd1306.o
 .debug_frame   0x0000000000003678       0x94 build/tim.o
 .debug_frame   0x000000000000370c       0x2c build/usb_device.o
 .debug_frame   0x0000000000003738      0x354 build/usbd_conf.o
 .debug_frame   0x0000000000003a8c       0xfc build/usbd_desc.o
 .debug_frame   0x0000000000003b88      0x350 build/stm32f1xx_hal_pcd.o
 .debug_frame   0x0000000000003ed8       0x30 build/stm32f1xx_hal_pcd_ex.o
 .debug_frame   0x0000000000003f08      0x250 build/stm32f1xx_ll_usb.o
 .debug_frame   0x0000000000004158      0x1ec build/usbd_core.o
 .debug_frame   0x0000000000004344      0x1b0 build/usbd_ctlreq.o
 .debug_frame   0x00000000000044f4       0xd4 build/usbd_ioreq.o
 .debug_frame   0x00000000000045c8       0xc4 build/usbd_hid.o
 .debug_frame   0x000000000000468c       0x34 build/dma.o
 .debug_frame   0x00000000000046c0       0x2c /Users/jason/CMDTools/gcc-arm-none-eabi/bin/../lib/gcc/arm-none-eabi/7.2.1/../../../../arm-none-eabi/lib/thumb/v7-m/libc_nano.a(lib_a-init.o)

Cross Reference Table

Symbol                                            File
ADC1_2_IRQHandler                                 build/startup_stm32f103xb.o
AHBPrescTable                                     build/system_stm32f1xx.o
                                                  build/stm32f1xx_hal_rcc.o
APBPrescTable                                     build/system_stm32f1xx.o
                                                  build/stm32f1xx_hal_rcc.o
BusFault_Handler                                  build/stm32f1xx_it.o
CAN1_RX1_IRQHandler                               build/startup_stm32f103xb.o
CAN1_SCE_IRQHandler                               build/startup_stm32f103xb.o
DMA1_Channel1_IRQHandler                          build/stm32f1xx_it.o
DMA1_Channel2_IRQHandler                          build/stm32f1xx_it.o
DMA1_Channel3_IRQHandler                          build/startup_stm32f103xb.o
DMA1_Channel4_IRQHandler                          build/stm32f1xx_it.o
DMA1_Channel5_IRQHandler                          build/stm32f1xx_it.o
DMA1_Channel6_IRQHandler                          build/stm32f1xx_it.o
DMA1_Channel7_IRQHandler                          build/stm32f1xx_it.o
DebugMon_Handler                                  build/stm32f1xx_it.o
Default_Handler                                   build/startup_stm32f103xb.o
EXTI0_IRQHandler                                  build/startup_stm32f103xb.o
EXTI15_10_IRQHandler                              build/startup_stm32f103xb.o
EXTI1_IRQHandler                                  build/startup_stm32f103xb.o
EXTI2_IRQHandler                                  build/startup_stm32f103xb.o
EXTI3_IRQHandler                                  build/startup_stm32f103xb.o
EXTI4_IRQHandler                                  build/startup_stm32f103xb.o
EXTI9_5_IRQHandler                                build/startup_stm32f103xb.o
Error_Handler                                     build/main.o
                                                  build/dma.o
                                                  build/usbd_conf.o
                                                  build/usb_device.o
                                                  build/tim.o
                                                  build/usart.o
                                                  build/spi.o
                                                  build/i2c.o
FLASH_IRQHandler                                  build/stm32f1xx_it.o
FLASH_PageErase                                   build/stm32f1xx_hal_flash_ex.o
                                                  build/stm32f1xx_hal_flash.o
FLASH_WaitForLastOperation                        build/stm32f1xx_hal_flash.o
                                                  build/stm32f1xx_hal_flash_ex.o
FS_Desc                                           build/usbd_desc.o
                                                  build/usb_device.o
Font_11x18                                        build/ssd1306_fonts.o
                                                  build/ssd1306_tests.o
Font_16x26                                        build/ssd1306_fonts.o
                                                  build/ssd1306_tests.o
Font_7x10                                         build/ssd1306_fonts.o
                                                  build/ssd1306_tests.o
                                                  build/main.o
HAL_DBGMCU_DisableDBGSleepMode                    build/stm32f1xx_hal.o
HAL_DBGMCU_DisableDBGStandbyMode                  build/stm32f1xx_hal.o
HAL_DBGMCU_DisableDBGStopMode                     build/stm32f1xx_hal.o
HAL_DBGMCU_EnableDBGSleepMode                     build/stm32f1xx_hal.o
HAL_DBGMCU_EnableDBGStandbyMode                   build/stm32f1xx_hal.o
HAL_DBGMCU_EnableDBGStopMode                      build/stm32f1xx_hal.o
HAL_DMA_Abort                                     build/stm32f1xx_hal_dma.o
                                                  build/stm32f1xx_hal_uart.o
                                                  build/stm32f1xx_hal_tim.o
                                                  build/stm32f1xx_hal_spi.o
HAL_DMA_Abort_IT                                  build/stm32f1xx_hal_dma.o
                                                  build/stm32f1xx_hal_uart.o
                                                  build/stm32f1xx_hal_spi.o
                                                  build/stm32f1xx_hal_i2c.o
HAL_DMA_DeInit                                    build/stm32f1xx_hal_dma.o
                                                  build/tim.o
                                                  build/usart.o
                                                  build/i2c.o
HAL_DMA_GetError                                  build/stm32f1xx_hal_dma.o
HAL_DMA_GetState                                  build/stm32f1xx_hal_dma.o
HAL_DMA_IRQHandler                                build/stm32f1xx_hal_dma.o
                                                  build/stm32f1xx_it.o
HAL_DMA_Init                                      build/stm32f1xx_hal_dma.o
                                                  build/dma.o
                                                  build/tim.o
                                                  build/usart.o
                                                  build/i2c.o
HAL_DMA_PollForTransfer                           build/stm32f1xx_hal_dma.o
HAL_DMA_RegisterCallback                          build/stm32f1xx_hal_dma.o
HAL_DMA_Start                                     build/stm32f1xx_hal_dma.o
HAL_DMA_Start_IT                                  build/stm32f1xx_hal_dma.o
                                                  build/stm32f1xx_hal_uart.o
                                                  build/stm32f1xx_hal_tim_ex.o
                                                  build/stm32f1xx_hal_tim.o
                                                  build/stm32f1xx_hal_spi.o
                                                  build/stm32f1xx_hal_i2c.o
HAL_DMA_UnRegisterCallback                        build/stm32f1xx_hal_dma.o
HAL_DeInit                                        build/stm32f1xx_hal.o
HAL_Delay                                         build/stm32f1xx_hal.o
                                                  build/usbd_conf.o
                                                  build/ssd1306_tests.o
                                                  build/ssd1306.o
                                                  build/main.o
HAL_FLASHEx_Erase                                 build/stm32f1xx_hal_flash_ex.o
HAL_FLASHEx_Erase_IT                              build/stm32f1xx_hal_flash_ex.o
HAL_FLASHEx_OBErase                               build/stm32f1xx_hal_flash_ex.o
HAL_FLASHEx_OBGetConfig                           build/stm32f1xx_hal_flash_ex.o
HAL_FLASHEx_OBGetUserData                         build/stm32f1xx_hal_flash_ex.o
HAL_FLASHEx_OBProgram                             build/stm32f1xx_hal_flash_ex.o
HAL_FLASH_EndOfOperationCallback                  build/stm32f1xx_hal_flash.o
HAL_FLASH_GetError                                build/stm32f1xx_hal_flash.o
HAL_FLASH_IRQHandler                              build/stm32f1xx_hal_flash.o
                                                  build/stm32f1xx_it.o
HAL_FLASH_Lock                                    build/stm32f1xx_hal_flash.o
HAL_FLASH_OB_Launch                               build/stm32f1xx_hal_flash.o
HAL_FLASH_OB_Lock                                 build/stm32f1xx_hal_flash.o
HAL_FLASH_OB_Unlock                               build/stm32f1xx_hal_flash.o
HAL_FLASH_OperationErrorCallback                  build/stm32f1xx_hal_flash.o
HAL_FLASH_Program                                 build/stm32f1xx_hal_flash.o
HAL_FLASH_Program_IT                              build/stm32f1xx_hal_flash.o
HAL_FLASH_Unlock                                  build/stm32f1xx_hal_flash.o
                                                  build/main.o
HAL_GPIOEx_ConfigEventout                         build/stm32f1xx_hal_gpio_ex.o
HAL_GPIOEx_DisableEventout                        build/stm32f1xx_hal_gpio_ex.o
HAL_GPIOEx_EnableEventout                         build/stm32f1xx_hal_gpio_ex.o
HAL_GPIO_DeInit                                   build/stm32f1xx_hal_gpio.o
                                                  build/usart.o
                                                  build/spi.o
                                                  build/i2c.o
HAL_GPIO_EXTI_Callback                            build/stm32f1xx_hal_gpio.o
HAL_GPIO_EXTI_IRQHandler                          build/stm32f1xx_hal_gpio.o
HAL_GPIO_Init                                     build/stm32f1xx_hal_gpio.o
                                                  build/tim.o
                                                  build/stm32f1xx_hal_rcc.o
                                                  build/usart.o
                                                  build/spi.o
                                                  build/i2c.o
                                                  build/gpio.o
HAL_GPIO_LockPin                                  build/stm32f1xx_hal_gpio.o
HAL_GPIO_ReadPin                                  build/stm32f1xx_hal_gpio.o
HAL_GPIO_TogglePin                                build/stm32f1xx_hal_gpio.o
                                                  build/main.o
HAL_GPIO_WritePin                                 build/stm32f1xx_hal_gpio.o
                                                  build/gpio.o
HAL_GetDEVID                                      build/stm32f1xx_hal.o